Microchip MPLAB XC8 Compiler V1.34 ()

Linker command line:

--edf=C:\Program Files (x86)\Microchip\xc8\v1.34\dat\en_msgs.txt -cs \
  -h+dist/default/production\PIC_LED_KEYBOARD.production.sym \
  --cmf=dist/default/production\PIC_LED_KEYBOARD.production.cmf -z \
  -Q18F26J50 -oC:\Users\ADMINI~1\AppData\Local\Temp\s4f4.6 \
  -Mdist/default/production/PIC_LED_KEYBOARD.production.map -E1 -ver=XC8 \
  -ASTACK=09Ah-0ebfh -pstack=STACK -ACODE=00h-0FFF7h -ACONST=00h-0FFF7h \
  -ASMALLCONST=0F00h-0FFFhx240,0FF00h-0FFF7h -AMEDIUMCONST=0F00h-0FFF7h \
  -ACOMRAM=01h-05Fh -AABS1=00h-0EBFh -ABIGRAM=01h-0EBFh \
  -ARAM=060h-0FFh,0100h-01FFhx13,0E00h-0EBFh -ABANK0=060h-0FFh \
  -ABANK1=0100h-01FFh -ABANK2=0200h-02FFh -ABANK3=0300h-03FFh \
  -ABANK4=0400h-04FFh -ABANK5=0500h-05FFh -ABANK6=0600h-06FFh \
  -ABANK7=0700h-07FFh -ABANK8=0800h-08FFh -ABANK9=0900h-09FFh \
  -ABANK10=0A00h-0AFFh -ABANK11=0B00h-0BFFh -ABANK12=0C00h-0CFFh \
  -ABANK13=0D00h-0DFFh -ABANK14=0E00h-0EBFh \
  -ASFR=0EC0h-0EFFh,0F00h-0F5Fh,0F60h-0FFFh \
  -preset_vec=00h,intcode,intcodelo,powerup,init,end_init -pramtop=0F00h \
  -psmallconst=SMALLCONST -pmediumconst=MEDIUMCONST -pconst=CONST \
  -AFARRAM=00h-00h -ACONFIG=0FFF8h-0FFFFh -pconfig=CONFIG \
  -pjflash_buffer=0F800h \
  -prdata=COMRAM,nvrram=COMRAM,nvbit=COMRAM,rbss=COMRAM,rbit=COMRAM \
  -pfarbss=FARRAM,fardata=FARRAM,nvFARRAM=FARRAM \
  -pintsave_regs=BIGRAM,bigbss=BIGRAM,bigdata=BIGRAM -pbss=RAM \
  -pidata=CODE,irdata=CODE,ibigdata=CODE,ifardata=CODE -prparam=COMRAM \
  C:\Users\ADMINI~1\AppData\Local\Temp\s4f4.obj \
  dist/default/production\PIC_LED_KEYBOARD.production.obj 

Object code version is 3.11

Machine type is 18F26J50

Call graph: (short form)




                Name                               Link     Load   Length Selector   Space Scale
C:\Users\ADMINI~1\AppData\Local\Temp\s4f4.obj
                end_init                              0        0        4        0       0
                config                             FFF8     FFF8        8     FFF8       0
dist/default/production\PIC_LED_KEYBOARD.production.obj
                smallconst                          F00      F00       98      780       0
                text43                             1B1E     1B1E       8E      7CC       0
                text42                             1E14     1E14       6E      7CC       0
                text41                             1858     1858       F6      7CC       0
                text40                             23CA     23CA       12      7CC       0
                text39                             1D2E     1D2E       76      7CC       0
                text38                             226E     226E       32      7CC       0
                text37                             22EE     22EE       24      7CC       0
                text36                             2138     2138       4C      7CC       0
                text35                             2046     2046       54      7CC       0
                text34                             238E     238E       18      7CC       0
                text33                             1E82     1E82       5C      7CC       0
                text32                             20EC     20EC       4C      7CC       0
                text31                             22A0     22A0       28      7CC       0
                text30                             2334     2334       22      7CC       0
                text29                              F98      F98      264      7CC       0
                text28                             1A8C     1A8C       92      7CC       0
                text27                             1358     1358      158      7CC       0
                text26                             23FA     23FA        E      7CC       0
                text25                             23B8     23B8       12      7CC       0
                text24                             1C38     1C38       80      7CC       0
                text23                             223C     223C       32      7CC       0
                text22                             1CB8     1CB8       76      7CC       0
                text21                             194E     194E       A8      7CC       0
                text20                             209A     209A       52      7CC       0
                text19                             1FEC     1FEC       5A      7CC       0
                text18                             1F92     1F92       5A      7CC       0
                text17                             1F38     1F38       5A      7CC       0
                text16                             1EDE     1EDE       5A      7CC       0
                text15                             1DA4     1DA4       70      7CC       0
                text14                             2376     2376       18      7CC       0
                text13                             2312     2312       22      7CC       0
                text12                             22C8     22C8       26      7CC       0
                text11                             23EC     23EC        E      7CC       0
                text10                             2356     2356       20      7CC       0
                text9                              23DC     23DC       10      7CC       0
                text8                              21C8     21C8       40      7CC       0
                text7                              14B0     14B0      156      7CC       0
                text6                              23A6     23A6       12      7CC       0
                text5                              1606     1606      146      7CC       0
                text4                              174C     174C      10C      7CC       0
                text3                              19F6     19F6       96      7CC       0
                text2                              11FC     11FC      15C      7CC       0
                text1                              1BAC     1BAC       8C      7CC       0
                text0                              2208     2208       34      7CC       0
                cstackCOMRAM                         2A       2A       24        1       1
                bssBANK0                             60       60       34       60       1
                dataCOMRAM                           4E       4E        A        1       1
                bssCOMRAM                             1        1       29        1       1
                bitbssCOMRAM                        2F8       5F        1        1       1     8
                cinit                              2184     2184       44      7CC       0
                nvBANK0                              94       94        6       60       1
                nvCOMRAM                             58       58        7        1       1
                idataCOMRAM                        2408     2408        A      7CC       0

TOTAL           Name                               Link     Load   Length     Space
        CLASS   STACK          

        CLASS   CODE           
                end_init                              0        0        4         0
                text43                             1B1E     1B1E       8E         0
                text42                             1E14     1E14       6E         0
                text41                             1858     1858       F6         0
                text40                             23CA     23CA       12         0
                text39                             1D2E     1D2E       76         0
                text38                             226E     226E       32         0
                text37                             22EE     22EE       24         0
                text36                             2138     2138       4C         0
                text35                             2046     2046       54         0
                text34                             238E     238E       18         0
                text33                             1E82     1E82       5C         0
                text32                             20EC     20EC       4C         0
                text31                             22A0     22A0       28         0
                text30                             2334     2334       22         0
                text29                              F98      F98      264         0
                text28                             1A8C     1A8C       92         0
                text27                             1358     1358      158         0
                text26                             23FA     23FA        E         0
                text25                             23B8     23B8       12         0
                text24                             1C38     1C38       80         0
                text23                             223C     223C       32         0
                text22                             1CB8     1CB8       76         0
                text21                             194E     194E       A8         0
                text20                             209A     209A       52         0
                text19                             1FEC     1FEC       5A         0
                text18                             1F92     1F92       5A         0
                text17                             1F38     1F38       5A         0
                text16                             1EDE     1EDE       5A         0
                text15                             1DA4     1DA4       70         0
                text14                             2376     2376       18         0
                text13                             2312     2312       22         0
                text12                             22C8     22C8       26         0
                text11                             23EC     23EC        E         0
                text10                             2356     2356       20         0
                text9                              23DC     23DC       10         0
                text8                              21C8     21C8       40         0
                text7                              14B0     14B0      156         0
                text6                              23A6     23A6       12         0
                text5                              1606     1606      146         0
                text4                              174C     174C      10C         0
                text3                              19F6     19F6       96         0
                text2                              11FC     11FC      15C         0
                text1                              1BAC     1BAC       8C         0
                text0                              2208     2208       34         0
                cinit                              2184     2184       44         0
                idataCOMRAM                        2408     2408        A         0

        CLASS   CONST          

        CLASS   SMALLCONST     
                smallconst                          F00      F00       98         0

        CLASS   MEDIUMCONST    

        CLASS   COMRAM         
                cstackCOMRAM                         2A       2A       24         1
                dataCOMRAM                           4E       4E        A         1
                bssCOMRAM                             1        1       29         1
                bitbssCOMRAM                        2F8       5F        1         1
                nvCOMRAM                             58       58        7         1

        CLASS   ABS1           

        CLASS   BIGRAM         

        CLASS   RAM            

        CLASS   BANK0          
                bssBANK0                             60       60       34         1
                nvBANK0                              94       94        6         1

        CLASS   BANK1          

        CLASS   BANK2          

        CLASS   BANK3          

        CLASS   BANK4          

        CLASS   BANK5          

        CLASS   BANK6          

        CLASS   BANK7          

        CLASS   BANK8          

        CLASS   BANK9          

        CLASS   BANK10         

        CLASS   BANK11         

        CLASS   BANK12         

        CLASS   BANK13         

        CLASS   BANK14         

        CLASS   SFR            

        CLASS   FARRAM         

        CLASS   CONFIG         
                config                             FFF8     FFF8        8         0

        CLASS   IDLOC          



SEGMENTS        Name                           Load    Length   Top    Selector   Space  Class

                reset_vec                      000000  000004  000004         0       0  CODE    
                bssCOMRAM                      000001  00005F  000060         1       1  COMRAM  
                bssBANK0                       000060  00003A  00009A        60       1  BANK0   
                smallconst                     000F00  000098  000F98       780       0  SMALLCON
                text29                         000F98  00147A  002412       7CC       0  CODE    
                config                         00FFF8  000008  010000      FFF8       0  CONFIG  


UNUSED ADDRESS RANGES

        Name                Unused          Largest block    Delta
        BANK0            0009A-000FF              66
        BANK1            00100-001FF             100
        BANK10           00A00-00AFF             100
        BANK11           00B00-00BFF             100
        BANK12           00C00-00CFF             100
        BANK13           00D00-00DFF             100
        BANK14           00E00-00EBF              C0
        BANK2            00200-002FF             100
        BANK3            00300-003FF             100
        BANK4            00400-004FF             100
        BANK5            00500-005FF             100
        BANK6            00600-006FF             100
        BANK7            00700-007FF             100
        BANK8            00800-008FF             100
        BANK9            00900-009FF             100
        BIGRAM           0009A-00EBF             E26
        CODE             00004-00EFF             EFC
                         02412-0FFF7            DBE6
        CONST            00004-00EFF             EFC
                         02412-0FFF7            DBE6
        MEDIUMCONST      02412-0FFF7            DBE6
        RAM              0009A-00EBF             100
        SFR              00EC0-00FFF              60
        SMALLCONST       02412-0FFF7             100
        STACK            0009A-00EBF             E26

                                  Symbol Table

?___awdiv                       cstackCOMRAM  0002A
?___lwdiv                       cstackCOMRAM  0002A
?___lwmod                       cstackCOMRAM  00031
?___wmul                        cstackCOMRAM  0002A
?_sprintf                       cstackCOMRAM  00036
Delay100TCYx@unit               cstackCOMRAM  0002A
Delay1KTCYx@unit                cstackCOMRAM  0002A
RtccReadDate@pDt                cstackCOMRAM  0002A
RtccReadDate@rTD0               cstackCOMRAM  00034
RtccReadDate@rTD1               cstackCOMRAM  0002C
RtccReadTime@pTm                cstackCOMRAM  0002A
RtccReadTime@rTD0               cstackCOMRAM  00034
RtccReadTime@rTD1               cstackCOMRAM  0002C
RtccWriteDate@di                cstackCOMRAM  0002C
RtccWriteDate@pDt               cstackCOMRAM  0002A
RtccWriteDate@tempDayMonth      cstackCOMRAM  00033
RtccWriteDate@tempHourWDay      cstackCOMRAM  00035
RtccWriteDate@tempYear          cstackCOMRAM  00030
RtccWriteDate@wasAlrm           cstackCOMRAM  0002F
RtccWriteDate@wasOn             cstackCOMRAM  0002E
RtccWriteDate@wasWrEn           cstackCOMRAM  00032
RtccWriteTime@di                cstackCOMRAM  0002C
RtccWriteTime@pTm               cstackCOMRAM  0002A
RtccWriteTime@tempHourWDay      cstackCOMRAM  00033
RtccWriteTime@tempMinSec        cstackCOMRAM  00031
RtccWriteTime@wasAlrm           cstackCOMRAM  0002F
RtccWriteTime@wasOn             cstackCOMRAM  0002E
RtccWriteTime@wasWrEn           cstackCOMRAM  00030
_ADCON0                         (abs)         00FC2
_ADCON1                         (abs)         00FC1
_ALRMCFGbits                    (abs)         00F91
_ANCON0                         (abs)         00F48
_ANCON1                         (abs)         00F49
_Delay100TCYx                   text40        023CA
_Delay1KTCYx                    text25        023B8
_EECON2                         (abs)         00FA7
_INTCONbits                     (abs)         00FF2
_LATAbits                       (abs)         00F89
_LATBbits                       (abs)         00F8A
_LCD_INIT_STRING                smallconst    00F0B
_OSCCONbits                     (abs)         00FD3
_OSCTUNEbits                    (abs)         00F9B
_PIE3bits                       (abs)         00FA3
_PORTAbits                      (abs)         00F80
_PORTCbits                      (abs)         00F82
_RTCCFG                         (abs)         00F3F
_RTCCFGbits                     (abs)         00F3F
_RTCVALH                        (abs)         00F99
_RTCVALL                        (abs)         00F98
_Read_RTC                       text41        01858
_RtccAlrmTimeDate               bssBANK0      00060
_RtccDate                       bssCOMRAM     00022
_RtccReadDate                   text43        01B1E
_RtccReadTime                   text42        01E14
_RtccTime                       bssCOMRAM     00026
_RtccTimeDate                   bssBANK0      00068
_RtccTimeVal                    bssBANK0      00078
_RtccWrOn                       text6         023A6
_RtccWriteDate                  text5         01606
_RtccWriteTime                  text4         0174C
_Rtcc_read_TimeDate             bssBANK0      00070
_T1CONbits                      (abs)         00FCD
_TRISA                          (abs)         00F92
_TRISB                          (abs)         00F93
_TRISBbits                      (abs)         00F93
_TRISC                          (abs)         00F94
_Write_RTC                      text2         011FC
__CFG_CP0$OFF                   (abs)         00000
__CFG_CPUDIV$OSC1               (abs)         00000
__CFG_DSBOREN$OFF               (abs)         00000
__CFG_DSWDTEN$OFF               (abs)         00000
__CFG_DSWDTOSC$INTOSCREF        (abs)         00000
__CFG_DSWDTPS$G2                (abs)         00000
__CFG_FCMEN$OFF                 (abs)         00000
__CFG_IESO$OFF                  (abs)         00000
__CFG_IOL1WAY$OFF               (abs)         00000
__CFG_LPT1OSC$OFF               (abs)         00000
__CFG_MSSP7B_EN$MSK7            (abs)         00000
__CFG_OSC$INTOSC                (abs)         00000
__CFG_PLLDIV$1                  (abs)         00000
__CFG_RTCOSC$T1OSCREF           (abs)         00000
__CFG_STVREN$ON                 (abs)         00000
__CFG_T1DIG$ON                  (abs)         00000
__CFG_WDTEN$OFF                 (abs)         00000
__CFG_WDTPS$32768               (abs)         00000
__CFG_WPCFG$OFF                 (abs)         00000
__CFG_WPDIS$OFF                 (abs)         00000
__CFG_XINST$OFF                 (abs)         00000
__HRAM                          (abs)         00000
__Habs1                         abs1          00000
__Hbank0                        bank0         00000
__Hbank1                        bank1         00000
__Hbank10                       bank10        00000
__Hbank11                       bank11        00000
__Hbank12                       bank12        00000
__Hbank13                       bank13        00000
__Hbank14                       bank14        00000
__Hbank2                        bank2         00000
__Hbank3                        bank3         00000
__Hbank4                        bank4         00000
__Hbank5                        bank5         00000
__Hbank6                        bank6         00000
__Hbank7                        bank7         00000
__Hbank8                        bank8         00000
__Hbank9                        bank9         00000
__Hbigbss                       bigbss        00000
__Hbigdata                      bigdata       00000
__Hbigram                       bigram        00000
__HbitbssCOMRAM                 bitbssCOMRAM  00000
__Hbss                          bss           00000
__HbssBANK0                     bssBANK0      00000
__HbssCOMRAM                    bssCOMRAM     00000
__Hcinit                        cinit         00000
__Hclrtext                      clrtext       00000
__Hcomram                       comram        00000
__Hconfig                       config        10000
__Hconst                        const         00000
__HcstackCOMRAM                 cstackCOMRAM  00000
__Hdata                         data          00000
__HdataCOMRAM                   dataCOMRAM    00000
__Hend_init                     end_init      00004
__Hfarbss                       farbss        00000
__Hfardata                      fardata       00000
__Hibigdata                     ibigdata      00000
__Hidata                        idata         00000
__HidataCOMRAM                  idataCOMRAM   00000
__Hidloc                        idloc         00000
__Hifardata                     ifardata      00000
__Hinit                         init          00000
__Hintcode                      intcode       00000
__Hintcode_body                 intcode_body  00000
__Hintcodelo                    intcodelo     00000
__Hintentry                     intentry      00000
__Hintret                       intret        00000
__Hintsave_regs                 intsave_regs  00000
__Hirdata                       irdata        00000
__Hjflash_buffer                jflash_buffer 0F800
__Hmediumconst                  mediumconst   00000
__HnvBANK0                      nvBANK0       00000
__HnvCOMRAM                     nvCOMRAM      00000
__HnvFARRAM                     nvFARRAM      00000
__Hnvbit                        nvbit         00000
__Hnvrram                       nvrram        00000
__Hparam                        rparam        00000
__Hpowerup                      powerup       00000
__Hram                          ram           00000
__Hramtop                       ramtop        00F00
__Hrbit                         rbit          00000
__Hrbss                         rbss          00000
__Hrdata                        rdata         00000
__Hreset_vec                    reset_vec     00000
__Hrparam                       rparam        00000
__Hsfr                          sfr           00000
__Hsmallconst                   smallconst    00F98
__Hspace_0                      (abs)         10000
__Hspace_1                      (abs)         002F9
__Hspace_2                      (abs)         00000
__Hstack                        stack         00000
__Hstruct                       struct        00000
__Htemp                         temp          00000
__Htext                         text          00000
__Htext0                        text0         00000
__Htext1                        text1         00000
__Htext10                       text10        00000
__Htext11                       text11        00000
__Htext12                       text12        00000
__Htext13                       text13        00000
__Htext14                       text14        00000
__Htext15                       text15        00000
__Htext16                       text16        00000
__Htext17                       text17        00000
__Htext18                       text18        00000
__Htext19                       text19        00000
__Htext2                        text2         00000
__Htext20                       text20        00000
__Htext21                       text21        00000
__Htext22                       text22        00000
__Htext23                       text23        00000
__Htext24                       text24        00000
__Htext25                       text25        00000
__Htext26                       text26        00000
__Htext27                       text27        00000
__Htext28                       text28        00000
__Htext29                       text29        00000
__Htext3                        text3         00000
__Htext30                       text30        00000
__Htext31                       text31        00000
__Htext32                       text32        00000
__Htext33                       text33        00000
__Htext34                       text34        00000
__Htext35                       text35        00000
__Htext36                       text36        00000
__Htext37                       text37        00000
__Htext38                       text38        00000
__Htext39                       text39        00000
__Htext4                        text4         00000
__Htext40                       text40        00000
__Htext41                       text41        00000
__Htext42                       text42        00000
__Htext43                       text43        00000
__Htext5                        text5         00000
__Htext6                        text6         00000
__Htext7                        text7         00000
__Htext8                        text8         00000
__Htext9                        text9         00000
__LRAM                          (abs)         00001
__Labs1                         abs1          00000
__Lbank0                        bank0         00000
__Lbank1                        bank1         00000
__Lbank10                       bank10        00000
__Lbank11                       bank11        00000
__Lbank12                       bank12        00000
__Lbank13                       bank13        00000
__Lbank14                       bank14        00000
__Lbank2                        bank2         00000
__Lbank3                        bank3         00000
__Lbank4                        bank4         00000
__Lbank5                        bank5         00000
__Lbank6                        bank6         00000
__Lbank7                        bank7         00000
__Lbank8                        bank8         00000
__Lbank9                        bank9         00000
__Lbigbss                       bigbss        00000
__Lbigdata                      bigdata       00000
__Lbigram                       bigram        00000
__LbitbssCOMRAM                 bitbssCOMRAM  00000
__Lbss                          bss           00000
__LbssBANK0                     bssBANK0      00000
__LbssCOMRAM                    bssCOMRAM     00000
__Lcinit                        cinit         00000
__Lclrtext                      clrtext       00000
__Lcomram                       comram        00000
__Lconfig                       config        0FFF8
__Lconst                        const         00000
__LcstackCOMRAM                 cstackCOMRAM  00000
__Ldata                         data          00000
__LdataCOMRAM                   dataCOMRAM    00000
__Lend_init                     end_init      00000
__Lfarbss                       farbss        00000
__Lfardata                      fardata       00000
__Libigdata                     ibigdata      00000
__Lidata                        idata         00000
__LidataCOMRAM                  idataCOMRAM   00000
__Lidloc                        idloc         00000
__Lifardata                     ifardata      00000
__Linit                         init          00000
__Lintcode                      intcode       00000
__Lintcode_body                 intcode_body  00000
__Lintcodelo                    intcodelo     00000
__Lintentry                     intentry      00000
__Lintret                       intret        00000
__Lintsave_regs                 intsave_regs  00000
__Lirdata                       irdata        00000
__Ljflash_buffer                jflash_buffer 0F800
__Lmediumconst                  mediumconst   00000
__LnvBANK0                      nvBANK0       00000
__LnvCOMRAM                     nvCOMRAM      00000
__LnvFARRAM                     nvFARRAM      00000
__Lnvbit                        nvbit         00000
__Lnvrram                       nvrram        00000
__Lparam                        rparam        00000
__Lpowerup                      powerup       00000
__Lram                          ram           00000
__Lramtop                       ramtop        00F00
__Lrbit                         rbit          00000
__Lrbss                         rbss          00000
__Lrdata                        rdata         00000
__Lreset_vec                    reset_vec     00000
__Lrparam                       rparam        00000
__Lsfr                          sfr           00000
__Lsmallconst                   smallconst    00F00
__Lspace_0                      (abs)         00000
__Lspace_1                      (abs)         00000
__Lspace_2                      (abs)         00000
__Lstack                        stack         00000
__Lstruct                       struct        00000
__Ltemp                         temp          00000
__Ltext                         text          00000
__Ltext0                        text0         00000
__Ltext1                        text1         00000
__Ltext10                       text10        00000
__Ltext11                       text11        00000
__Ltext12                       text12        00000
__Ltext13                       text13        00000
__Ltext14                       text14        00000
__Ltext15                       text15        00000
__Ltext16                       text16        00000
__Ltext17                       text17        00000
__Ltext18                       text18        00000
__Ltext19                       text19        00000
__Ltext2                        text2         00000
__Ltext20                       text20        00000
__Ltext21                       text21        00000
__Ltext22                       text22        00000
__Ltext23                       text23        00000
__Ltext24                       text24        00000
__Ltext25                       text25        00000
__Ltext26                       text26        00000
__Ltext27                       text27        00000
__Ltext28                       text28        00000
__Ltext29                       text29        00000
__Ltext3                        text3         00000
__Ltext30                       text30        00000
__Ltext31                       text31        00000
__Ltext32                       text32        00000
__Ltext33                       text33        00000
__Ltext34                       text34        00000
__Ltext35                       text35        00000
__Ltext36                       text36        00000
__Ltext37                       text37        00000
__Ltext38                       text38        00000
__Ltext39                       text39        00000
__Ltext4                        text4         00000
__Ltext40                       text40        00000
__Ltext41                       text41        00000
__Ltext42                       text42        00000
__Ltext43                       text43        00000
__Ltext5                        text5         00000
__Ltext6                        text6         00000
__Ltext7                        text7         00000
__Ltext8                        text8         00000
__Ltext9                        text9         00000
__S0                            (abs)         10000
__S1                            (abs)         0009A
__S2                            (abs)         00000
___awdiv                        text3         019F6
___awdiv@counter                cstackCOMRAM  0002E
___awdiv@dividend               cstackCOMRAM  0002A
___awdiv@divisor                cstackCOMRAM  0002C
___awdiv@quotient               cstackCOMRAM  00030
___awdiv@sign                   cstackCOMRAM  0002F
___inthi_sp                     stack         00000
___intlo_sp                     stack         00000
___lwdiv                        text33        01E82
___lwdiv@counter                cstackCOMRAM  00030
___lwdiv@dividend               cstackCOMRAM  0002A
___lwdiv@divisor                cstackCOMRAM  0002C
___lwdiv@quotient               cstackCOMRAM  0002E
___lwmod                        text32        020EC
___lwmod@counter                cstackCOMRAM  00035
___lwmod@dividend               cstackCOMRAM  00031
___lwmod@divisor                cstackCOMRAM  00033
___param_bank                   (abs)         00010
___rparam_used                  (abs)         00001
___sp                           stack         00000
___wmul                         text31        022A0
___wmul@multiplicand            cstackCOMRAM  0002C
___wmul@multiplier              cstackCOMRAM  0002A
___wmul@product                 cstackCOMRAM  0002E
__accesstop                     (abs)         00060
__activetblptr                  (abs)         00002
__end_of_Delay100TCYx           text40        023DC
__end_of_Delay1KTCYx            text25        023CA
__end_of_LCD_INIT_STRING        smallconst    00F0F
__end_of_Read_RTC               text41        0194E
__end_of_RtccReadDate           text43        01BAC
__end_of_RtccReadTime           text42        01E82
__end_of_RtccWrOn               text6         023B8
__end_of_RtccWriteDate          text5         0174C
__end_of_RtccWriteTime          text4         01858
__end_of_Write_RTC              text2         01358
__end_of___awdiv                text3         01A8C
__end_of___lwdiv                text33        01EDE
__end_of___lwmod                text32        02138
__end_of___wmul                 text31        022C8
__end_of__initialization        cinit         021BE
__end_of_button_A               text20        020EC
__end_of_button_B               text15        01E14
__end_of_button_C               text14        0238E
__end_of_button_D               text12        022EE
__end_of_button_asterisk        text11        023FA
__end_of_button_hash            text9         023EC
__end_of_button_number          text8         02208
__end_of_dpowers                smallconst    00F0B
__end_of_home                   text13        02334
__end_of_home_clock_refresh     text28        01B1E
__end_of_isdigit                text30        02356
__end_of_keyboard_control       text7         01606
__end_of_lcd_comand             text26        02408
__end_of_lcd_gotoxy             text37        02312
__end_of_lcd_init               text24        01CB8
__end_of_lcd_putc               text36        02184
__end_of_lcd_putrs              text35        0209A
__end_of_lcd_send_byte          text38        022A0
__end_of_lcd_send_nibble        text39        01DA4
__end_of_lcd_write              text34        023A6
__end_of_main                   text0         0223C
__end_of_menu_iterator          text27        014B0
__end_of_menu_pin               text23        0226E
__end_of_menu_submenu           text22        01D2E
__end_of_menu_submenu_activate  text19        02046
__end_of_menu_submenu_alarm     text18        01FEC
__end_of_menu_submenu_clock     text17        01F92
__end_of_menu_submenu_iterator  text21        019F6
__end_of_menu_submenu_pin       text16        01F38
__end_of_pin_input_validator    text10        02376
__end_of_setup                  text1         01C38
__end_of_sprintf                text29        011FC
__initialization                cinit         02184
__mediumconst                   mediumconst   00000
__pbitbssCOMRAM                 bitbssCOMRAM  002F8
__pbssBANK0                     bssBANK0      00060
__pbssCOMRAM                    bssCOMRAM     00001
__pcinit                        cinit         02184
__pcstackCOMRAM                 cstackCOMRAM  0002A
__pdataCOMRAM                   dataCOMRAM    0004E
__pidataCOMRAM                  idataCOMRAM   02408
__pnvBANK0                      nvBANK0       00094
__pnvCOMRAM                     nvCOMRAM      00058
__psmallconst                   smallconst    00F00
__ptext0                        text0         02208
__ptext1                        text1         01BAC
__ptext10                       text10        02356
__ptext11                       text11        023EC
__ptext12                       text12        022C8
__ptext13                       text13        02312
__ptext14                       text14        02376
__ptext15                       text15        01DA4
__ptext16                       text16        01EDE
__ptext17                       text17        01F38
__ptext18                       text18        01F92
__ptext19                       text19        01FEC
__ptext2                        text2         011FC
__ptext20                       text20        0209A
__ptext21                       text21        0194E
__ptext22                       text22        01CB8
__ptext23                       text23        0223C
__ptext24                       text24        01C38
__ptext25                       text25        023B8
__ptext26                       text26        023FA
__ptext27                       text27        01358
__ptext28                       text28        01A8C
__ptext29                       text29        00F98
__ptext3                        text3         019F6
__ptext30                       text30        02334
__ptext31                       text31        022A0
__ptext32                       text32        020EC
__ptext33                       text33        01E82
__ptext34                       text34        0238E
__ptext35                       text35        02046
__ptext36                       text36        02138
__ptext37                       text37        022EE
__ptext38                       text38        0226E
__ptext39                       text39        01D2E
__ptext4                        text4         0174C
__ptext40                       text40        023CA
__ptext41                       text41        01858
__ptext42                       text42        01E14
__ptext43                       text43        01B1E
__ptext5                        text5         01606
__ptext6                        text6         023A6
__ptext7                        text7         014B0
__ptext8                        text8         021C8
__ptext9                        text9         023DC
__ramtop                        ramtop        00F00
__size_of_Delay100TCYx          (abs)         00000
__size_of_Delay1KTCYx           (abs)         00000
__size_of_Read_RTC              (abs)         00000
__size_of_RtccReadDate          (abs)         00000
__size_of_RtccReadTime          (abs)         00000
__size_of_RtccWrOn              (abs)         00000
__size_of_RtccWriteDate         (abs)         00000
__size_of_RtccWriteTime         (abs)         00000
__size_of_Write_RTC             (abs)         00000
__size_of___awdiv               (abs)         00000
__size_of___lwdiv               (abs)         00000
__size_of___lwmod               (abs)         00000
__size_of___wmul                (abs)         00000
__size_of_button_A              (abs)         00000
__size_of_button_B              (abs)         00000
__size_of_button_C              (abs)         00000
__size_of_button_D              (abs)         00000
__size_of_button_asterisk       (abs)         00000
__size_of_button_hash           (abs)         00000
__size_of_button_number         (abs)         00000
__size_of_home                  (abs)         00000
__size_of_home_clock_refresh    (abs)         00000
__size_of_isdigit               (abs)         00000
__size_of_keyboard_control      (abs)         00000
__size_of_lcd_comand            (abs)         00000
__size_of_lcd_gotoxy            (abs)         00000
__size_of_lcd_init              (abs)         00000
__size_of_lcd_putc              (abs)         00000
__size_of_lcd_putrs             (abs)         00000
__size_of_lcd_send_byte         (abs)         00000
__size_of_lcd_send_nibble       (abs)         00000
__size_of_lcd_write             (abs)         00000
__size_of_main                  (abs)         00000
__size_of_menu_iterator         (abs)         00000
__size_of_menu_pin              (abs)         00000
__size_of_menu_submenu          (abs)         00000
__size_of_menu_submenu_activate (abs)         00000
__size_of_menu_submenu_alarm    (abs)         00000
__size_of_menu_submenu_clock    (abs)         00000
__size_of_menu_submenu_iterator (abs)         00000
__size_of_menu_submenu_pin      (abs)         00000
__size_of_pin_input_validator   (abs)         00000
__size_of_setup                 (abs)         00000
__size_of_sprintf               (abs)         00000
__smallconst                    smallconst    00F00
_a                              bssCOMRAM     00001
_activity_menu                  bssCOMRAM     00003
_activity_pin                   bssCOMRAM     00005
_activity_submenu               bssCOMRAM     00007
_anio                           dataCOMRAM    0004E
_anio_d                         nvCOMRAM      00058
_anio_u                         nvBANK0       00094
_b                              bssCOMRAM     00009
_buffer1                        bssBANK0      00080
_button_A                       text20        0209A
_button_B                       text15        01DA4
_button_C                       text14        02376
_button_D                       text12        022C8
_button_asterisk                text11        023EC
_button_hash                    text9         023DC
_button_number                  text8         021C8
_c                              bssCOMRAM     0000B
_dia                            dataCOMRAM    00050
_dia_semana                     nvBANK0       00095
_diasem                         dataCOMRAM    00052
_dpowers                        smallconst    00F01
_fecha_d                        nvCOMRAM      00059
_fecha_u                        nvBANK0       00096
_flag                           bitbssCOMRAM  002F8
_home                           text13        02312
_home_clock_refresh             text28        01A8C
_hora                           dataCOMRAM    00054
_hora_d                         nvCOMRAM      0005A
_hora_u                         nvBANK0       00097
_i                              bssCOMRAM     0000D
_isdigit                        text30        02334
_isdigit$2110                   cstackCOMRAM  0002B
_j                              bssCOMRAM     0000F
_k                              bssCOMRAM     00011
_key                            bssCOMRAM     00021
_keyboard_control               text7         014B0
_lcd_comand                     text26        023FA
_lcd_gotoxy                     text37        022EE
_lcd_init                       text24        01C38
_lcd_putc                       text36        02138
_lcd_putrs                      text35        02046
_lcd_send_byte                  text38        0226E
_lcd_send_nibble                text39        01D2E
_lcd_write                      text34        0238E
_locked                         bssCOMRAM     00013
_main                           text0         02208
_menu_iterator                  text27        01358
_menu_pin                       text23        0223C
_menu_submenu                   text22        01CB8
_menu_submenu_activate          text19        01FEC
_menu_submenu_alarm             text18        01F92
_menu_submenu_clock             text17        01F38
_menu_submenu_iterator          text21        0194E
_menu_submenu_pin               text16        01EDE
_mes                            dataCOMRAM    00056
_mes_d                          nvCOMRAM      0005B
_mes_u                          nvBANK0       00098
_minuto                         bssCOMRAM     00015
_minuto_d                       nvCOMRAM      0005C
_minuto_u                       nvBANK0       00099
_pin                            bssBANK0      0007C
_pin_input                      bssBANK0      0007E
_pin_input_validator            text10        02356
_segundo                        bssCOMRAM     00017
_segundo_d                      nvCOMRAM      0005D
_segundo_u                      nvCOMRAM      0005E
_select                         bssCOMRAM     00019
_select_op                      bssCOMRAM     0001B
_selection                      bssCOMRAM     0001D
_setup                          text1         01BAC
_sprintf                        text29        00F98
_state                          bssCOMRAM     0001F
end_of_initialization           cinit         021BE
intlevel0                       text          00000
intlevel1                       text          00000
intlevel2                       text          00000
intlevel3                       text          00000
isdigit@c                       cstackCOMRAM  0002C
lcd_comand@d                    cstackCOMRAM  0002E
lcd_gotoxy@address              cstackCOMRAM  00030
lcd_gotoxy@x                    cstackCOMRAM  0002F
lcd_gotoxy@y                    cstackCOMRAM  0002E
lcd_init@i                      cstackCOMRAM  0002E
lcd_putc@c                      cstackCOMRAM  00031
lcd_putrs@ptr                   cstackCOMRAM  00032
lcd_send_byte@address           cstackCOMRAM  0002D
lcd_send_byte@n                 cstackCOMRAM  0002C
lcd_send_nibble@nibble          cstackCOMRAM  0002B
lcd_write@column                cstackCOMRAM  00034
lcd_write@row                   cstackCOMRAM  00036
lcd_write@string                cstackCOMRAM  00038
sprintf@ap                      cstackCOMRAM  00044
sprintf@c                       cstackCOMRAM  0004C
sprintf@f                       cstackCOMRAM  00038
sprintf@flag                    cstackCOMRAM  00046
sprintf@prec                    cstackCOMRAM  00049
sprintf@sp                      cstackCOMRAM  00036
sprintf@val                     cstackCOMRAM  00047
sprintf@width                   cstackCOMRAM  0004A
stackhi                         (abs)         00EBF
stacklo                         (abs)         0009A
start                           init          00000
start_initialization            cinit         02184


FUNCTION INFORMATION:

 *************** function _main *****************
 Defined at:
		line 366 in file "main.c"
 Parameters:    Size  Location     Type
		None
 Auto vars:     Size  Location     Type
		None
 Return value:  Size  Location     Type
                  2  318[None  ] int 
 Registers used:
		wreg, fsr0l, fsr0h, fsr2l, fsr2h, status,2, status,0, tblptrl, tblptrh, tblptru, prodl, prodh, cstack
 Tracked objects:
		On entry : 
		On exit  : 
		Unchanged: 
 Data sizes:     COMRAM   BANK0   BANK1   BANK2   BANK3   BANK4   BANK5   BANK6   BANK7   BANK8   BANK9  BANK10  BANK11  BANK12  BANK13  BANK14
      Params:         0       0       0       0       0       0       0       0       0       0       0       0       0       0       0       0
      Locals:         0       0       0       0       0       0       0       0       0       0       0       0       0       0       0       0
      Temps:          0       0       0       0       0       0       0       0       0       0       0       0       0       0       0       0
      Totals:         0       0       0       0       0       0       0       0       0       0       0       0       0       0       0       0
Total ram usage:        0 bytes
 Hardware stack levels required when called:   10
 This function calls:
		_Read_RTC
		_home
		_home_clock_refresh
		_keyboard_control
		_setup
 This function is called by:
		Startup code after reset
 This function uses a non-reentrant model


 *************** function _setup *****************
 Defined at:
		line 46 in file "main.c"
 Parameters:    Size  Location     Type
		None
 Auto vars:     Size  Location     Type
		None
 Return value:  Size  Location     Type
		None               void
 Registers used:
		wreg, fsr2l, fsr2h, status,2, status,0, tblptrl, tblptrh, tblptru, prodl, prodh, cstack
 Tracked objects:
		On entry : 
		On exit  : 
		Unchanged: 
 Data sizes:     COMRAM   BANK0   BANK1   BANK2   BANK3   BANK4   BANK5   BANK6   BANK7   BANK8   BANK9  BANK10  BANK11  BANK12  BANK13  BANK14
      Params:         0       0       0       0       0       0       0       0       0       0       0       0       0       0       0       0
      Locals:         0       0       0       0       0       0       0       0       0       0       0       0       0       0       0       0
      Temps:          0       0       0       0       0       0       0       0       0       0       0       0       0       0       0       0
      Totals:         0       0       0       0       0       0       0       0       0       0       0       0       0       0       0       0
Total ram usage:        0 bytes
 Hardware stack levels used:    1
 Hardware stack levels required when called:    3
 This function calls:
		_Write_RTC
		_lcd_comand
		_lcd_init
 This function is called by:
		_main
 This function uses a non-reentrant model


 *************** function _Write_RTC *****************
 Defined at:
		line 74 in file "Unimic/unmc_01/headers\unmc_rtcc_01.h"
 Parameters:    Size  Location     Type
		None
 Auto vars:     Size  Location     Type
		None
 Return value:  Size  Location     Type
		None               void
 Registers used:
		wreg, fsr2l, fsr2h, status,2, status,0, prodl, prodh, cstack
 Tracked objects:
		On entry : 
		On exit  : 
		Unchanged: 
 Data sizes:     COMRAM   BANK0   BANK1   BANK2   BANK3   BANK4   BANK5   BANK6   BANK7   BANK8   BANK9  BANK10  BANK11  BANK12  BANK13  BANK14
      Params:         0       0       0       0       0       0       0       0       0       0       0       0       0       0       0       0
      Locals:         0       0       0       0       0       0       0       0       0       0       0       0       0       0       0       0
      Temps:          0       0       0       0       0       0       0       0       0       0       0       0       0       0       0       0
      Totals:         0       0       0       0       0       0       0       0       0       0       0       0       0       0       0       0
Total ram usage:        0 bytes
 Hardware stack levels used:    1
 Hardware stack levels required when called:    2
 This function calls:
		_RtccWrOn
		_RtccWriteDate
		_RtccWriteTime
		___awdiv
 This function is called by:
		_setup
 This function uses a non-reentrant model


 *************** function ___awdiv *****************
 Defined at:
		line 8 in file "C:\Program Files (x86)\Microchip\xc8\v1.34\sources\common\awdiv.c"
 Parameters:    Size  Location     Type
  dividend        2    0[COMRAM] int 
  divisor         2    2[COMRAM] int 
 Auto vars:     Size  Location     Type
  quotient        2    6[COMRAM] int 
  sign            1    5[COMRAM] unsigned char 
  counter         1    4[COMRAM] unsigned char 
 Return value:  Size  Location     Type
                  2    0[COMRAM] int 
 Registers used:
		wreg, status,2, status,0
 Tracked objects:
		On entry : 
		On exit  : 
		Unchanged: 
 Data sizes:     COMRAM   BANK0   BANK1   BANK2   BANK3   BANK4   BANK5   BANK6   BANK7   BANK8   BANK9  BANK10  BANK11  BANK12  BANK13  BANK14
      Params:         4       0       0       0       0       0       0       0       0       0       0       0       0       0       0       0
      Locals:         4       0       0       0       0       0       0       0       0       0       0       0       0       0       0       0
      Temps:          0       0       0       0       0       0       0       0       0       0       0       0       0       0       0       0
      Totals:         8       0       0       0       0       0       0       0       0       0       0       0       0       0       0       0
Total ram usage:        8 bytes
 Hardware stack levels used:    1
 This function calls:
		Nothing
 This function is called by:
		_Write_RTC
 This function uses a non-reentrant model


 *************** function _RtccWriteTime *****************
 Defined at:
		line 34 in file "C:\Program Files (x86)\Microchip\xc8\v1.34\sources\pic18\plib\rtcc\RtccWriteTime.c"
 Parameters:    Size  Location     Type
  pTm             2    0[COMRAM] PTR const struct .
		 -> RtccTime(4), 
  di              1    2[COMRAM] enum E7121
 Auto vars:     Size  Location     Type
  tempHourWDay    2    9[COMRAM] struct .
  tempMinSec      2    7[COMRAM] struct .
  wasWrEn         1    6[COMRAM] enum E7121
  wasAlrm         1    5[COMRAM] enum E7121
  wasOn           1    4[COMRAM] enum E7121
 Return value:  Size  Location     Type
                  1    wreg      enum E7337
 Registers used:
		wreg, fsr2l, fsr2h, status,2, status,0, cstack
 Tracked objects:
		On entry : 
		On exit  : 
		Unchanged: 
 Data sizes:     COMRAM   BANK0   BANK1   BANK2   BANK3   BANK4   BANK5   BANK6   BANK7   BANK8   BANK9  BANK10  BANK11  BANK12  BANK13  BANK14
      Params:         3       0       0       0       0       0       0       0       0       0       0       0       0       0       0       0
      Locals:         7       0       0       0       0       0       0       0       0       0       0       0       0       0       0       0
      Temps:          1       0       0       0       0       0       0       0       0       0       0       0       0       0       0       0
      Totals:        11       0       0       0       0       0       0       0       0       0       0       0       0       0       0       0
Total ram usage:       11 bytes
 Hardware stack levels used:    1
 Hardware stack levels required when called:    1
 This function calls:
		_RtccWrOn
 This function is called by:
		_Write_RTC
 This function uses a non-reentrant model


 *************** function _RtccWriteDate *****************
 Defined at:
		line 35 in file "C:\Program Files (x86)\Microchip\xc8\v1.34\sources\pic18\plib\rtcc\RtccWriteDate.c"
 Parameters:    Size  Location     Type
  pDt             2    0[COMRAM] PTR const struct .
		 -> RtccDate(4), 
  di              1    2[COMRAM] enum E7121
 Auto vars:     Size  Location     Type
  tempHourWDay    2   11[COMRAM] struct .
  tempDayMonth    2    9[COMRAM] struct .
  tempYear        2    6[COMRAM] struct .
  wasWrEn         1    8[COMRAM] enum E7121
  wasAlrm         1    5[COMRAM] enum E7121
  wasOn           1    4[COMRAM] enum E7121
 Return value:  Size  Location     Type
                  1    wreg      enum E7337
 Registers used:
		wreg, fsr2l, fsr2h, status,2, status,0, cstack
 Tracked objects:
		On entry : 
		On exit  : 
		Unchanged: 
 Data sizes:     COMRAM   BANK0   BANK1   BANK2   BANK3   BANK4   BANK5   BANK6   BANK7   BANK8   BANK9  BANK10  BANK11  BANK12  BANK13  BANK14
      Params:         3       0       0       0       0       0       0       0       0       0       0       0       0       0       0       0
      Locals:         9       0       0       0       0       0       0       0       0       0       0       0       0       0       0       0
      Temps:          1       0       0       0       0       0       0       0       0       0       0       0       0       0       0       0
      Totals:        13       0       0       0       0       0       0       0       0       0       0       0       0       0       0       0
Total ram usage:       13 bytes
 Hardware stack levels used:    1
 Hardware stack levels required when called:    1
 This function calls:
		_RtccWrOn
 This function is called by:
		_Write_RTC
 This function uses a non-reentrant model


 *************** function _RtccWrOn *****************
 Defined at:
		line 21 in file "C:\Program Files (x86)\Microchip\xc8\v1.34\sources\pic18\plib\rtcc\RtccWrOn.c"
 Parameters:    Size  Location     Type
		None
 Auto vars:     Size  Location     Type
  data            2    0        unsigned int 
 Return value:  Size  Location     Type
		None               void
 Registers used:
		wreg, status,2
 Tracked objects:
		On entry : 
		On exit  : 
		Unchanged: 
 Data sizes:     COMRAM   BANK0   BANK1   BANK2   BANK3   BANK4   BANK5   BANK6   BANK7   BANK8   BANK9  BANK10  BANK11  BANK12  BANK13  BANK14
      Params:         0       0       0       0       0       0       0       0       0       0       0       0       0       0       0       0
      Locals:         0       0       0       0       0       0       0       0       0       0       0       0       0       0       0       0
      Temps:          0       0       0       0       0       0       0       0       0       0       0       0       0       0       0       0
      Totals:         0       0       0       0       0       0       0       0       0       0       0       0       0       0       0       0
Total ram usage:        0 bytes
 Hardware stack levels used:    1
 This function calls:
		Nothing
 This function is called by:
		_Write_RTC
		_RtccWriteDate
		_RtccWriteTime
 This function uses a non-reentrant model


 *************** function _keyboard_control *****************
 Defined at:
		line 328 in file "main.c"
 Parameters:    Size  Location     Type
		None
 Auto vars:     Size  Location     Type
		None
 Return value:  Size  Location     Type
		None               void
 Registers used:
		wreg, fsr0l, fsr0h, fsr2l, fsr2h, status,2, status,0, tblptrl, tblptrh, tblptru, prodl, prodh, cstack
 Tracked objects:
		On entry : 
		On exit  : 
		Unchanged: 
 Data sizes:     COMRAM   BANK0   BANK1   BANK2   BANK3   BANK4   BANK5   BANK6   BANK7   BANK8   BANK9  BANK10  BANK11  BANK12  BANK13  BANK14
      Params:         0       0       0       0       0       0       0       0       0       0       0       0       0       0       0       0
      Locals:         0       0       0       0       0       0       0       0       0       0       0       0       0       0       0       0
      Temps:          1       0       0       0       0       0       0       0       0       0       0       0       0       0       0       0
      Totals:         1       0       0       0       0       0       0       0       0       0       0       0       0       0       0       0
Total ram usage:        1 bytes
 Hardware stack levels used:    1
 Hardware stack levels required when called:    9
 This function calls:
		_button_A
		_button_B
		_button_C
		_button_D
		_button_asterisk
		_button_hash
		_button_number
 This function is called by:
		_main
 This function uses a non-reentrant model


 *************** function _button_number *****************
 Defined at:
		line 313 in file "main.c"
 Parameters:    Size  Location     Type
		None
 Auto vars:     Size  Location     Type
		None
 Return value:  Size  Location     Type
		None               void
 Registers used:
		wreg, fsr0l, fsr0h, fsr2l, fsr2h, status,2, status,0, tblptrl, tblptrh, tblptru, prodl, prodh, cstack
 Tracked objects:
		On entry : 
		On exit  : 
		Unchanged: 
 Data sizes:     COMRAM   BANK0   BANK1   BANK2   BANK3   BANK4   BANK5   BANK6   BANK7   BANK8   BANK9  BANK10  BANK11  BANK12  BANK13  BANK14
      Params:         0       0       0       0       0       0       0       0       0       0       0       0       0       0       0       0
      Locals:         0       0       0       0       0       0       0       0       0       0       0       0       0       0       0       0
      Temps:          0       0       0       0       0       0       0       0       0       0       0       0       0       0       0       0
      Totals:         0       0       0       0       0       0       0       0       0       0       0       0       0       0       0       0
Total ram usage:        0 bytes
 Hardware stack levels used:    1
 Hardware stack levels required when called:    5
 This function calls:
		_lcd_putrs
		_sprintf
 This function is called by:
		_keyboard_control
 This function uses a non-reentrant model


 *************** function _button_hash *****************
 Defined at:
		line 305 in file "main.c"
 Parameters:    Size  Location     Type
		None
 Auto vars:     Size  Location     Type
		None
 Return value:  Size  Location     Type
		None               void
 Registers used:
		wreg, fsr0l, fsr0h, status,2, status,0, tblptrl, tblptrh, tblptru, prodl, prodh, cstack
 Tracked objects:
		On entry : 
		On exit  : 
		Unchanged: 
 Data sizes:     COMRAM   BANK0   BANK1   BANK2   BANK3   BANK4   BANK5   BANK6   BANK7   BANK8   BANK9  BANK10  BANK11  BANK12  BANK13  BANK14
      Params:         0       0       0       0       0       0       0       0       0       0       0       0       0       0       0       0
      Locals:         0       0       0       0       0       0       0       0       0       0       0       0       0       0       0       0
      Temps:          0       0       0       0       0       0       0       0       0       0       0       0       0       0       0       0
      Totals:         0       0       0       0       0       0       0       0       0       0       0       0       0       0       0       0
Total ram usage:        0 bytes
 Hardware stack levels used:    1
 Hardware stack levels required when called:    8
 This function calls:
		_pin_input_validator
 This function is called by:
		_keyboard_control
 This function uses a non-reentrant model


 *************** function _pin_input_validator *****************
 Defined at:
		line 211 in file "main.c"
 Parameters:    Size  Location     Type
		None
 Auto vars:     Size  Location     Type
		None
 Return value:  Size  Location     Type
		None               void
 Registers used:
		wreg, fsr0l, fsr0h, status,2, status,0, tblptrl, tblptrh, tblptru, prodl, prodh, cstack
 Tracked objects:
		On entry : 
		On exit  : 
		Unchanged: 
 Data sizes:     COMRAM   BANK0   BANK1   BANK2   BANK3   BANK4   BANK5   BANK6   BANK7   BANK8   BANK9  BANK10  BANK11  BANK12  BANK13  BANK14
      Params:         0       0       0       0       0       0       0       0       0       0       0       0       0       0       0       0
      Locals:         0       0       0       0       0       0       0       0       0       0       0       0       0       0       0       0
      Temps:          0       0       0       0       0       0       0       0       0       0       0       0       0       0       0       0
      Totals:         0       0       0       0       0       0       0       0       0       0       0       0       0       0       0       0
Total ram usage:        0 bytes
 Hardware stack levels used:    1
 Hardware stack levels required when called:    7
 This function calls:
		_menu_submenu
 This function is called by:
		_button_hash
 This function uses a non-reentrant model


 *************** function _button_asterisk *****************
 Defined at:
		line 301 in file "main.c"
 Parameters:    Size  Location     Type
		None
 Auto vars:     Size  Location     Type
		None
 Return value:  Size  Location     Type
		None               void
 Registers used:
		wreg, fsr0l, fsr0h, status,2, status,0, tblptrl, tblptrh, tblptru, cstack
 Tracked objects:
		On entry : 
		On exit  : 
		Unchanged: 
 Data sizes:     COMRAM   BANK0   BANK1   BANK2   BANK3   BANK4   BANK5   BANK6   BANK7   BANK8   BANK9  BANK10  BANK11  BANK12  BANK13  BANK14
      Params:         0       0       0       0       0       0       0       0       0       0       0       0       0       0       0       0
      Locals:         0       0       0       0       0       0       0       0       0       0       0       0       0       0       0       0
      Temps:          0       0       0       0       0       0       0       0       0       0       0       0       0       0       0       0
      Totals:         0       0       0       0       0       0       0       0       0       0       0       0       0       0       0       0
Total ram usage:        0 bytes
 Hardware stack levels used:    1
 Hardware stack levels required when called:    5
 This function calls:
		_lcd_putrs
 This function is called by:
		_keyboard_control
 This function uses a non-reentrant model


 *************** function _button_D *****************
 Defined at:
		line 291 in file "main.c"
 Parameters:    Size  Location     Type
		None
 Auto vars:     Size  Location     Type
		None
 Return value:  Size  Location     Type
		None               void
 Registers used:
		wreg, fsr0l, fsr0h, status,2, status,0, tblptrl, tblptrh, tblptru, prodl, prodh, cstack
 Tracked objects:
		On entry : 
		On exit  : 
		Unchanged: 
 Data sizes:     COMRAM   BANK0   BANK1   BANK2   BANK3   BANK4   BANK5   BANK6   BANK7   BANK8   BANK9  BANK10  BANK11  BANK12  BANK13  BANK14
      Params:         0       0       0       0       0       0       0       0       0       0       0       0       0       0       0       0
      Locals:         0       0       0       0       0       0       0       0       0       0       0       0       0       0       0       0
      Temps:          0       0       0       0       0       0       0       0       0       0       0       0       0       0       0       0
      Totals:         0       0       0       0       0       0       0       0       0       0       0       0       0       0       0       0
Total ram usage:        0 bytes
 Hardware stack levels used:    1
 Hardware stack levels required when called:    7
 This function calls:
		_home
 This function is called by:
		_keyboard_control
 This function uses a non-reentrant model


 *************** function _home *****************
 Defined at:
		line 95 in file "main.c"
 Parameters:    Size  Location     Type
		None
 Auto vars:     Size  Location     Type
		None
 Return value:  Size  Location     Type
		None               void
 Registers used:
		wreg, fsr0l, fsr0h, status,2, status,0, tblptrl, tblptrh, tblptru, prodl, prodh, cstack
 Tracked objects:
		On entry : 
		On exit  : 
		Unchanged: 
 Data sizes:     COMRAM   BANK0   BANK1   BANK2   BANK3   BANK4   BANK5   BANK6   BANK7   BANK8   BANK9  BANK10  BANK11  BANK12  BANK13  BANK14
      Params:         0       0       0       0       0       0       0       0       0       0       0       0       0       0       0       0
      Locals:         0       0       0       0       0       0       0       0       0       0       0       0       0       0       0       0
      Temps:          0       0       0       0       0       0       0       0       0       0       0       0       0       0       0       0
      Totals:         0       0       0       0       0       0       0       0       0       0       0       0       0       0       0       0
Total ram usage:        0 bytes
 Hardware stack levels used:    1
 Hardware stack levels required when called:    6
 This function calls:
		_lcd_init
		_lcd_write
 This function is called by:
		_button_D
		_main
 This function uses a non-reentrant model


 *************** function _button_C *****************
 Defined at:
		line 282 in file "main.c"
 Parameters:    Size  Location     Type
		None
 Auto vars:     Size  Location     Type
		None
 Return value:  Size  Location     Type
		None               void
 Registers used:
		wreg, fsr0l, fsr0h, status,2, status,0, tblptrl, tblptrh, tblptru, prodl, prodh, cstack
 Tracked objects:
		On entry : 
		On exit  : 
		Unchanged: 
 Data sizes:     COMRAM   BANK0   BANK1   BANK2   BANK3   BANK4   BANK5   BANK6   BANK7   BANK8   BANK9  BANK10  BANK11  BANK12  BANK13  BANK14
      Params:         0       0       0       0       0       0       0       0       0       0       0       0       0       0       0       0
      Locals:         0       0       0       0       0       0       0       0       0       0       0       0       0       0       0       0
      Temps:          0       0       0       0       0       0       0       0       0       0       0       0       0       0       0       0
      Totals:         0       0       0       0       0       0       0       0       0       0       0       0       0       0       0       0
Total ram usage:        0 bytes
 Hardware stack levels used:    1
 Hardware stack levels required when called:    7
 This function calls:
		_menu_submenu
 This function is called by:
		_keyboard_control
 This function uses a non-reentrant model


 *************** function _button_B *****************
 Defined at:
		line 251 in file "main.c"
 Parameters:    Size  Location     Type
		None
 Auto vars:     Size  Location     Type
		None
 Return value:  Size  Location     Type
		None               void
 Registers used:
		wreg, fsr0l, fsr0h, status,2, status,0, tblptrl, tblptrh, tblptru, prodl, prodh, cstack
 Tracked objects:
		On entry : 
		On exit  : 
		Unchanged: 
 Data sizes:     COMRAM   BANK0   BANK1   BANK2   BANK3   BANK4   BANK5   BANK6   BANK7   BANK8   BANK9  BANK10  BANK11  BANK12  BANK13  BANK14
      Params:         0       0       0       0       0       0       0       0       0       0       0       0       0       0       0       0
      Locals:         0       0       0       0       0       0       0       0       0       0       0       0       0       0       0       0
      Temps:          2       0       0       0       0       0       0       0       0       0       0       0       0       0       0       0
      Totals:         2       0       0       0       0       0       0       0       0       0       0       0       0       0       0       0
Total ram usage:        2 bytes
 Hardware stack levels used:    1
 Hardware stack levels required when called:    7
 This function calls:
		_menu_submenu_activate
		_menu_submenu_alarm
		_menu_submenu_clock
		_menu_submenu_pin
 This function is called by:
		_keyboard_control
 This function uses a non-reentrant model


 *************** function _menu_submenu_pin *****************
 Defined at:
		line 193 in file "main.c"
 Parameters:    Size  Location     Type
		None
 Auto vars:     Size  Location     Type
		None
 Return value:  Size  Location     Type
		None               void
 Registers used:
		wreg, fsr0l, fsr0h, status,2, status,0, tblptrl, tblptrh, tblptru, prodl, prodh, cstack
 Tracked objects:
		On entry : 
		On exit  : 
		Unchanged: 
 Data sizes:     COMRAM   BANK0   BANK1   BANK2   BANK3   BANK4   BANK5   BANK6   BANK7   BANK8   BANK9  BANK10  BANK11  BANK12  BANK13  BANK14
      Params:         0       0       0       0       0       0       0       0       0       0       0       0       0       0       0       0
      Locals:         0       0       0       0       0       0       0       0       0       0       0       0       0       0       0       0
      Temps:          0       0       0       0       0       0       0       0       0       0       0       0       0       0       0       0
      Totals:         0       0       0       0       0       0       0       0       0       0       0       0       0       0       0       0
Total ram usage:        0 bytes
 Hardware stack levels used:    1
 Hardware stack levels required when called:    6
 This function calls:
		_lcd_init
		_lcd_write
 This function is called by:
		_button_B
 This function uses a non-reentrant model


 *************** function _menu_submenu_clock *****************
 Defined at:
		line 184 in file "main.c"
 Parameters:    Size  Location     Type
		None
 Auto vars:     Size  Location     Type
		None
 Return value:  Size  Location     Type
		None               void
 Registers used:
		wreg, fsr0l, fsr0h, status,2, status,0, tblptrl, tblptrh, tblptru, prodl, prodh, cstack
 Tracked objects:
		On entry : 
		On exit  : 
		Unchanged: 
 Data sizes:     COMRAM   BANK0   BANK1   BANK2   BANK3   BANK4   BANK5   BANK6   BANK7   BANK8   BANK9  BANK10  BANK11  BANK12  BANK13  BANK14
      Params:         0       0       0       0       0       0       0       0       0       0       0       0       0       0       0       0
      Locals:         0       0       0       0       0       0       0       0       0       0       0       0       0       0       0       0
      Temps:          0       0       0       0       0       0       0       0       0       0       0       0       0       0       0       0
      Totals:         0       0       0       0       0       0       0       0       0       0       0       0       0       0       0       0
Total ram usage:        0 bytes
 Hardware stack levels used:    1
 Hardware stack levels required when called:    6
 This function calls:
		_lcd_init
		_lcd_write
 This function is called by:
		_button_B
 This function uses a non-reentrant model


 *************** function _menu_submenu_alarm *****************
 Defined at:
		line 202 in file "main.c"
 Parameters:    Size  Location     Type
		None
 Auto vars:     Size  Location     Type
		None
 Return value:  Size  Location     Type
		None               void
 Registers used:
		wreg, fsr0l, fsr0h, status,2, status,0, tblptrl, tblptrh, tblptru, prodl, prodh, cstack
 Tracked objects:
		On entry : 
		On exit  : 
		Unchanged: 
 Data sizes:     COMRAM   BANK0   BANK1   BANK2   BANK3   BANK4   BANK5   BANK6   BANK7   BANK8   BANK9  BANK10  BANK11  BANK12  BANK13  BANK14
      Params:         0       0       0       0       0       0       0       0       0       0       0       0       0       0       0       0
      Locals:         0       0       0       0       0       0       0       0       0       0       0       0       0       0       0       0
      Temps:          0       0       0       0       0       0       0       0       0       0       0       0       0       0       0       0
      Totals:         0       0       0       0       0       0       0       0       0       0       0       0       0       0       0       0
Total ram usage:        0 bytes
 Hardware stack levels used:    1
 Hardware stack levels required when called:    6
 This function calls:
		_lcd_init
		_lcd_write
 This function is called by:
		_button_B
 This function uses a non-reentrant model


 *************** function _menu_submenu_activate *****************
 Defined at:
		line 175 in file "main.c"
 Parameters:    Size  Location     Type
		None
 Auto vars:     Size  Location     Type
		None
 Return value:  Size  Location     Type
		None               void
 Registers used:
		wreg, fsr0l, fsr0h, status,2, status,0, tblptrl, tblptrh, tblptru, prodl, prodh, cstack
 Tracked objects:
		On entry : 
		On exit  : 
		Unchanged: 
 Data sizes:     COMRAM   BANK0   BANK1   BANK2   BANK3   BANK4   BANK5   BANK6   BANK7   BANK8   BANK9  BANK10  BANK11  BANK12  BANK13  BANK14
      Params:         0       0       0       0       0       0       0       0       0       0       0       0       0       0       0       0
      Locals:         0       0       0       0       0       0       0       0       0       0       0       0       0       0       0       0
      Temps:          0       0       0       0       0       0       0       0       0       0       0       0       0       0       0       0
      Totals:         0       0       0       0       0       0       0       0       0       0       0       0       0       0       0       0
Total ram usage:        0 bytes
 Hardware stack levels used:    1
 Hardware stack levels required when called:    6
 This function calls:
		_lcd_init
		_lcd_write
 This function is called by:
		_button_B
 This function uses a non-reentrant model


 *************** function _button_A *****************
 Defined at:
		line 221 in file "main.c"
 Parameters:    Size  Location     Type
		None
 Auto vars:     Size  Location     Type
		None
 Return value:  Size  Location     Type
		None               void
 Registers used:
		wreg, fsr0l, fsr0h, status,2, status,0, tblptrl, tblptrh, tblptru, prodl, prodh, cstack
 Tracked objects:
		On entry : 
		On exit  : 
		Unchanged: 
 Data sizes:     COMRAM   BANK0   BANK1   BANK2   BANK3   BANK4   BANK5   BANK6   BANK7   BANK8   BANK9  BANK10  BANK11  BANK12  BANK13  BANK14
      Params:         0       0       0       0       0       0       0       0       0       0       0       0       0       0       0       0
      Locals:         0       0       0       0       0       0       0       0       0       0       0       0       0       0       0       0
      Temps:          0       0       0       0       0       0       0       0       0       0       0       0       0       0       0       0
      Totals:         0       0       0       0       0       0       0       0       0       0       0       0       0       0       0       0
Total ram usage:        0 bytes
 Hardware stack levels used:    1
 Hardware stack levels required when called:    7
 This function calls:
		_menu_iterator
		_menu_pin
		_menu_submenu
		_menu_submenu_iterator
 This function is called by:
		_keyboard_control
 This function uses a non-reentrant model


 *************** function _menu_submenu_iterator *****************
 Defined at:
		line 156 in file "main.c"
 Parameters:    Size  Location     Type
		None
 Auto vars:     Size  Location     Type
		None
 Return value:  Size  Location     Type
		None               void
 Registers used:
		wreg, fsr0l, fsr0h, status,2, status,0, tblptrl, tblptrh, tblptru, cstack
 Tracked objects:
		On entry : 
		On exit  : 
		Unchanged: 
 Data sizes:     COMRAM   BANK0   BANK1   BANK2   BANK3   BANK4   BANK5   BANK6   BANK7   BANK8   BANK9  BANK10  BANK11  BANK12  BANK13  BANK14
      Params:         0       0       0       0       0       0       0       0       0       0       0       0       0       0       0       0
      Locals:         0       0       0       0       0       0       0       0       0       0       0       0       0       0       0       0
      Temps:          2       0       0       0       0       0       0       0       0       0       0       0       0       0       0       0
      Totals:         2       0       0       0       0       0       0       0       0       0       0       0       0       0       0       0
Total ram usage:        2 bytes
 Hardware stack levels used:    1
 Hardware stack levels required when called:    6
 This function calls:
		_lcd_write
 This function is called by:
		_button_A
 This function uses a non-reentrant model


 *************** function _menu_submenu *****************
 Defined at:
		line 110 in file "main.c"
 Parameters:    Size  Location     Type
		None
 Auto vars:     Size  Location     Type
		None
 Return value:  Size  Location     Type
		None               void
 Registers used:
		wreg, fsr0l, fsr0h, status,2, status,0, tblptrl, tblptrh, tblptru, prodl, prodh, cstack
 Tracked objects:
		On entry : 
		On exit  : 
		Unchanged: 
 Data sizes:     COMRAM   BANK0   BANK1   BANK2   BANK3   BANK4   BANK5   BANK6   BANK7   BANK8   BANK9  BANK10  BANK11  BANK12  BANK13  BANK14
      Params:         0       0       0       0       0       0       0       0       0       0       0       0       0       0       0       0
      Locals:         0       0       0       0       0       0       0       0       0       0       0       0       0       0       0       0
      Temps:          0       0       0       0       0       0       0       0       0       0       0       0       0       0       0       0
      Totals:         0       0       0       0       0       0       0       0       0       0       0       0       0       0       0       0
Total ram usage:        0 bytes
 Hardware stack levels used:    1
 Hardware stack levels required when called:    6
 This function calls:
		_lcd_init
		_lcd_write
 This function is called by:
		_pin_input_validator
		_button_A
		_button_C
 This function uses a non-reentrant model


 *************** function _menu_pin *****************
 Defined at:
		line 102 in file "main.c"
 Parameters:    Size  Location     Type
		None
 Auto vars:     Size  Location     Type
		None
 Return value:  Size  Location     Type
		None               void
 Registers used:
		wreg, fsr0l, fsr0h, status,2, status,0, tblptrl, tblptrh, tblptru, prodl, prodh, cstack
 Tracked objects:
		On entry : 
		On exit  : 
		Unchanged: 
[...]
		 -> STR_13(2), STR_12(2), STR_11(2), STR_10(2), 
		 -> STR_9(7), STR_8(4), STR_7(6), STR_6(8), 
		 -> STR_5(16), STR_4(4), buffer1(20), 
 Auto vars:     Size  Location     Type
		None
 Return value:  Size  Location     Type
		None               void
 Registers used:
		wreg, fsr0l, fsr0h, status,2, status,0, tblptrl, tblptrh, tblptru, cstack
 Tracked objects:
		On entry : 
		On exit  : 
		Unchanged: 
 Data sizes:     COMRAM   BANK0   BANK1   BANK2   BANK3   BANK4   BANK5   BANK6   BANK7   BANK8   BANK9  BANK10  BANK11  BANK12  BANK13  BANK14
      Params:         6       0       0       0       0       0       0       0       0       0       0       0       0       0       0       0
      Locals:         0       0       0       0       0       0       0       0       0       0       0       0       0       0       0       0
      Temps:          0       0       0       0       0       0       0       0       0       0       0       0       0       0       0       0
      Totals:         6       0       0       0       0       0       0       0       0       0       0       0       0       0       0       0
Total ram usage:        6 bytes
 Hardware stack levels used:    1
 Hardware stack levels required when called:    5
 This function calls:
		_lcd_gotoxy
		_lcd_putrs
 This function is called by:
		_home_clock_refresh
		_home
		_menu_pin
		_menu_submenu
		_menu_iterator
		_menu_submenu_iterator
		_menu_submenu_activate
		_menu_submenu_clock
		_menu_submenu_pin
		_menu_submenu_alarm
 This function uses a non-reentrant model


 *************** function _lcd_putrs *****************
 Defined at:
		line 221 in file "Unimic/unmc_01/sources/unmc_lcd_216.c"
 Parameters:    Size  Location     Type
  ptr             2    8[COMRAM] PTR const unsigned char 
		 -> STR_35(2), STR_34(2), STR_33(5), STR_32(8), 
		 -> STR_31(7), STR_30(6), STR_29(8), STR_28(4), 
		 -> STR_27(5), STR_26(6), STR_25(6), STR_24(3), 
		 -> STR_23(3), STR_22(8), STR_21(2), STR_20(2), 
		 -> STR_19(2), STR_18(2), STR_17(2), STR_16(2), 
		 -> STR_15(2), STR_14(2), STR_13(2), STR_12(2), 
		 -> STR_11(2), STR_10(2), STR_9(7), STR_8(4), 
		 -> STR_7(6), STR_6(8), STR_5(16), STR_4(4), 
		 -> buffer1(20), 
 Auto vars:     Size  Location     Type
		None
 Return value:  Size  Location     Type
		None               void
 Registers used:
		wreg, fsr0l, fsr0h, status,2, status,0, tblptrl, tblptrh, tblptru, cstack
 Tracked objects:
		On entry : 
		On exit  : 
		Unchanged: 
 Data sizes:     COMRAM   BANK0   BANK1   BANK2   BANK3   BANK4   BANK5   BANK6   BANK7   BANK8   BANK9  BANK10  BANK11  BANK12  BANK13  BANK14
      Params:         2       0       0       0       0       0       0       0       0       0       0       0       0       0       0       0
      Locals:         0       0       0       0       0       0       0       0       0       0       0       0       0       0       0       0
      Temps:          0       0       0       0       0       0       0       0       0       0       0       0       0       0       0       0
      Totals:         2       0       0       0       0       0       0       0       0       0       0       0       0       0       0       0
Total ram usage:        2 bytes
 Hardware stack levels used:    1
 Hardware stack levels required when called:    4
 This function calls:
		_lcd_putc
 This function is called by:
		_lcd_write
		_button_asterisk
		_button_number
 This function uses a non-reentrant model


 *************** function _lcd_putc *****************
 Defined at:
		line 172 in file "Unimic/unmc_01/sources/unmc_lcd_216.c"
 Parameters:    Size  Location     Type
  c               1    wreg     unsigned char 
 Auto vars:     Size  Location     Type
  c               1    7[COMRAM] unsigned char 
 Return value:  Size  Location     Type
		None               void
 Registers used:
		wreg, status,2, status,0, cstack
 Tracked objects:
		On entry : 
		On exit  : 
		Unchanged: 
 Data sizes:     COMRAM   BANK0   BANK1   BANK2   BANK3   BANK4   BANK5   BANK6   BANK7   BANK8   BANK9  BANK10  BANK11  BANK12  BANK13  BANK14
      Params:         0       0       0       0       0       0       0       0       0       0       0       0       0       0       0       0
      Locals:         1       0       0       0       0       0       0       0       0       0       0       0       0       0       0       0
      Temps:          0       0       0       0       0       0       0       0       0       0       0       0       0       0       0       0
      Totals:         1       0       0       0       0       0       0       0       0       0       0       0       0       0       0       0
Total ram usage:        1 bytes
 Hardware stack levels used:    1
 Hardware stack levels required when called:    3
 This function calls:
		_lcd_gotoxy
		_lcd_send_byte
 This function is called by:
		_lcd_putrs
		_lcd_puts
 This function uses a non-reentrant model


 *************** function _lcd_gotoxy *****************
 Defined at:
		line 158 in file "Unimic/unmc_01/sources/unmc_lcd_216.c"
 Parameters:    Size  Location     Type
  x               1    wreg     unsigned char 
  y               1    4[COMRAM] unsigned char 
 Auto vars:     Size  Location     Type
  x               1    5[COMRAM] unsigned char 
  address         1    6[COMRAM] unsigned char 
 Return value:  Size  Location     Type
		None               void
 Registers used:
		wreg, status,2, status,0, cstack
 Tracked objects:
		On entry : 
		On exit  : 
		Unchanged: 
 Data sizes:     COMRAM   BANK0   BANK1   BANK2   BANK3   BANK4   BANK5   BANK6   BANK7   BANK8   BANK9  BANK10  BANK11  BANK12  BANK13  BANK14
      Params:         1       0       0       0       0       0       0       0       0       0       0       0       0       0       0       0
      Locals:         2       0       0       0       0       0       0       0       0       0       0       0       0       0       0       0
      Temps:          0       0       0       0       0       0       0       0       0       0       0       0       0       0       0       0
      Totals:         3       0       0       0       0       0       0       0       0       0       0       0       0       0       0       0
Total ram usage:        3 bytes
 Hardware stack levels used:    1
 Hardware stack levels required when called:    2
 This function calls:
		_lcd_send_byte
 This function is called by:
		_lcd_write
		_menu_pin
		_lcd_putc
 This function uses a non-reentrant model


 *************** function _lcd_send_byte *****************
 Defined at:
		line 86 in file "Unimic/unmc_01/sources/unmc_lcd_216.c"
 Parameters:    Size  Location     Type
  address         1    wreg     unsigned char 
  n               1    2[COMRAM] unsigned char 
 Auto vars:     Size  Location     Type
  address         1    3[COMRAM] unsigned char 
 Return value:  Size  Location     Type
		None               void
 Registers used:
		wreg, status,2, status,0, cstack
 Tracked objects:
		On entry : 
		On exit  : 
		Unchanged: 
 Data sizes:     COMRAM   BANK0   BANK1   BANK2   BANK3   BANK4   BANK5   BANK6   BANK7   BANK8   BANK9  BANK10  BANK11  BANK12  BANK13  BANK14
      Params:         1       0       0       0       0       0       0       0       0       0       0       0       0       0       0       0
      Locals:         1       0       0       0       0       0       0       0       0       0       0       0       0       0       0       0
      Temps:          0       0       0       0       0       0       0       0       0       0       0       0       0       0       0       0
      Totals:         2       0       0       0       0       0       0       0       0       0       0       0       0       0       0       0
Total ram usage:        2 bytes
 Hardware stack levels used:    1
 Hardware stack levels required when called:    1
 This function calls:
		_Delay100TCYx
		_lcd_send_nibble
 This function is called by:
		_lcd_init
		_lcd_gotoxy
		_lcd_putc
		_lcd_comand
		_lcd_setcursor_vb
 This function uses a non-reentrant model


 *************** function _lcd_send_nibble *****************
 Defined at:
		line 25 in file "Unimic/unmc_01/sources/unmc_lcd_216.c"
 Parameters:    Size  Location     Type
  nibble          1    wreg     unsigned char 
 Auto vars:     Size  Location     Type
  nibble          1    1[COMRAM] unsigned char 
 Return value:  Size  Location     Type
		None               void
 Registers used:
		wreg, status,2, status,0
 Tracked objects:
		On entry : 
		On exit  : 
		Unchanged: 
 Data sizes:     COMRAM   BANK0   BANK1   BANK2   BANK3   BANK4   BANK5   BANK6   BANK7   BANK8   BANK9  BANK10  BANK11  BANK12  BANK13  BANK14
      Params:         0       0       0       0       0       0       0       0       0       0       0       0       0       0       0       0
      Locals:         1       0       0       0       0       0       0       0       0       0       0       0       0       0       0       0
      Temps:          1       0       0       0       0       0       0       0       0       0       0       0       0       0       0       0
      Totals:         2       0       0       0       0       0       0       0       0       0       0       0       0       0       0       0
Total ram usage:        2 bytes
 Hardware stack levels used:    1
 This function calls:
		Nothing
 This function is called by:
		_lcd_send_byte
		_lcd_init
 This function uses a non-reentrant model


 *************** function _Delay100TCYx *****************
 Defined at:
		line 8 in file "C:\Program Files (x86)\Microchip\xc8\v1.34\sources\pic18\d100tcyx.c"
 Parameters:    Size  Location     Type
  unit            1    wreg     unsigned char 
 Auto vars:     Size  Location     Type
  unit            1    0[COMRAM] unsigned char 
 Return value:  Size  Location     Type
		None               void
 Registers used:
		wreg
 Tracked objects:
		On entry : 
		On exit  : 
		Unchanged: 
 Data sizes:     COMRAM   BANK0   BANK1   BANK2   BANK3   BANK4   BANK5   BANK6   BANK7   BANK8   BANK9  BANK10  BANK11  BANK12  BANK13  BANK14
      Params:         0       0       0       0       0       0       0       0       0       0       0       0       0       0       0       0
      Locals:         1       0       0       0       0       0       0       0       0       0       0       0       0       0       0       0
      Temps:          0       0       0       0       0       0       0       0       0       0       0       0       0       0       0       0
      Totals:         1       0       0       0       0       0       0       0       0       0       0       0       0       0       0       0
Total ram usage:        1 bytes
 Hardware stack levels used:    1
 This function calls:
		Nothing
 This function is called by:
		_lcd_send_byte
 This function uses a non-reentrant model


 *************** function _Read_RTC *****************
 Defined at:
		line 111 in file "Unimic/unmc_01/headers\unmc_rtcc_01.h"
 Parameters:    Size  Location     Type
		None
 Auto vars:     Size  Location     Type
		None
 Return value:  Size  Location     Type
		None               void
 Registers used:
		wreg, fsr2l, fsr2h, status,2, status,0, prodl, prodh, cstack
 Tracked objects:
		On entry : 
		On exit  : 
		Unchanged: 
 Data sizes:     COMRAM   BANK0   BANK1   BANK2   BANK3   BANK4   BANK5   BANK6   BANK7   BANK8   BANK9  BANK10  BANK11  BANK12  BANK13  BANK14
      Params:         0       0       0       0       0       0       0       0       0       0       0       0       0       0       0       0
      Locals:         0       0       0       0       0       0       0       0       0       0       0       0       0       0       0       0
      Temps:          0       0       0       0       0       0       0       0       0       0       0       0       0       0       0       0
      Totals:         0       0       0       0       0       0       0       0       0       0       0       0       0       0       0       0
Total ram usage:        0 bytes
 Hardware stack levels used:    1
 Hardware stack levels required when called:    1
 This function calls:
		_RtccReadDate
		_RtccReadTime
 This function is called by:
		_main
 This function uses a non-reentrant model


 *************** function _RtccReadTime *****************
 Defined at:
		line 23 in file "C:\Program Files (x86)\Microchip\xc8\v1.34\sources\pic18\plib\rtcc\RtccReadTime.c"
 Parameters:    Size  Location     Type
  pTm             2    0[COMRAM] PTR struct .
		 -> RtccTime(4), 
 Auto vars:     Size  Location     Type
  rTD0            8   10[COMRAM] struct .
  rTD1            8    2[COMRAM] struct .
 Return value:  Size  Location     Type
		None               void
 Registers used:
		wreg, fsr2l, fsr2h, status,2, status,0
 Tracked objects:
		On entry : 
		On exit  : 
		Unchanged: 
 Data sizes:     COMRAM   BANK0   BANK1   BANK2   BANK3   BANK4   BANK5   BANK6   BANK7   BANK8   BANK9  BANK10  BANK11  BANK12  BANK13  BANK14
      Params:         2       0       0       0       0       0       0       0       0       0       0       0       0       0       0       0
      Locals:        16       0       0       0       0       0       0       0       0       0       0       0       0       0       0       0
      Temps:          0       0       0       0       0       0       0       0       0       0       0       0       0       0       0       0
      Totals:        18       0       0       0       0       0       0       0       0       0       0       0       0       0       0       0
Total ram usage:       18 bytes
 Hardware stack levels used:    1
 This function calls:
		Nothing
 This function is called by:
		_Read_RTC
 This function uses a non-reentrant model


 *************** function _RtccReadDate *****************
 Defined at:
		line 23 in file "C:\Program Files (x86)\Microchip\xc8\v1.34\sources\pic18\plib\rtcc\RtccReadDate.c"
 Parameters:    Size  Location     Type
  pDt             2    0[COMRAM] PTR struct .
		 -> RtccDate(4), 
 Auto vars:     Size  Location     Type
  rTD0            8   10[COMRAM] struct .
  rTD1            8    2[COMRAM] struct .
 Return value:  Size  Location     Type
		None               void
 Registers used:
		wreg, fsr2l, fsr2h, status,2, status,0
 Tracked objects:
		On entry : 
		On exit  : 
		Unchanged: 
 Data sizes:     COMRAM   BANK0   BANK1   BANK2   BANK3   BANK4   BANK5   BANK6   BANK7   BANK8   BANK9  BANK10  BANK11  BANK12  BANK13  BANK14
      Params:         2       0       0       0       0       0       0       0       0       0       0       0       0       0       0       0
      Locals:        16       0       0       0       0       0       0       0       0       0       0       0       0       0       0       0
      Temps:          0       0       0       0       0       0       0       0       0       0       0       0       0       0       0       0
      Totals:        18       0       0       0       0       0       0       0       0       0       0       0       0       0       0       0
Total ram usage:       18 bytes
 Hardware stack levels used:    1
 This function calls:
		Nothing
 This function is called by:
		_Read_RTC
 This function uses a non-reentrant model



MODULE INFORMATION

Module		Function		Class		Link	Load	Size
C:\Program Files (x86)\Microchip\xc8\v1.34\sources\pic18\plib\rtcc\RtccReadDate.c
		_RtccReadDate  		CODE           	1B1E	0000	143

C:\Program Files (x86)\Microchip\xc8\v1.34\sources\pic18\plib\rtcc\RtccReadDate.c estimated size: 143

C:\Program Files (x86)\Microchip\xc8\v1.34\sources\pic18\d1ktcyx.c
		_Delay1KTCYx   		CODE           	23B8	0000	19

C:\Program Files (x86)\Microchip\xc8\v1.34\sources\pic18\d1ktcyx.c estimated size: 19

C:\Program Files (x86)\Microchip\xc8\v1.34\sources\pic18\plib\rtcc\RtccWriteTime.c
		_RtccWriteTime 		CODE           	174C	0000	269

C:\Program Files (x86)\Microchip\xc8\v1.34\sources\pic18\plib\rtcc\RtccWriteTime.c estimated size: 269

C:\Program Files (x86)\Microchip\xc8\v1.34\sources\common\lwmod.c
		___lwmod       		CODE           	20EC	0000	77

C:\Program Files (x86)\Microchip\xc8\v1.34\sources\common\lwmod.c estimated size: 77

C:\Program Files (x86)\Microchip\xc8\v1.34\sources\pic18\plib\rtcc\RtccWrOn.c
		_RtccWrOn      		CODE           	23A6	0000	19

C:\Program Files (x86)\Microchip\xc8\v1.34\sources\pic18\plib\rtcc\RtccWrOn.c estimated size: 19

C:\Program Files (x86)\Microchip\xc8\v1.34\sources\pic18\plib\rtcc\RtccReadTime.c
		_RtccReadTime  		CODE           	1E14	0000	111

C:\Program Files (x86)\Microchip\xc8\v1.34\sources\pic18\plib\rtcc\RtccReadTime.c estimated size: 111

Unimic/unmc_01/sources/unmc_lcd_216.c
		_lcd_comand    		CODE           	23FA	0000	15
		_lcd_putc      		CODE           	2138	0000	77
		_lcd_putrs     		CODE           	2046	0000	85
		_lcd_send_byte 		CODE           	226E	0000	51
		_lcd_gotoxy    		CODE           	22EE	0000	37
		_lcd_send_nibbl		CODE           	1D2E	0000	119
		_lcd_init      		CODE           	1C38	0000	129

Unimic/unmc_01/sources/unmc_lcd_216.c estimated size: 513

C:\Program Files (x86)\Microchip\xc8\v1.34\sources\common\isdigit.c
		_isdigit       		CODE           	2334	0000	35

C:\Program Files (x86)\Microchip\xc8\v1.34\sources\common\isdigit.c estimated size: 35

shared
		_dpowers       		SMALLCONST     	0F01	0000	11
		_LCD_INIT_STRIN		SMALLCONST     	0F0B	0000	5
		__initializatio		CODE           	2184	0000	59

shared estimated size: 75

C:\Program Files (x86)\Microchip\xc8\v1.34\sources\common\lwdiv.c
		___lwdiv       		CODE           	1E82	0000	93

C:\Program Files (x86)\Microchip\xc8\v1.34\sources\common\lwdiv.c estimated size: 93

C:\Program Files (x86)\Microchip\xc8\v1.34\sources\common\awdiv.c
		___awdiv       		CODE           	19F6	0000	151

C:\Program Files (x86)\Microchip\xc8\v1.34\sources\common\awdiv.c estimated size: 151

C:\Program Files (x86)\Microchip\xc8\v1.34\sources\pic18\d100tcyx.c
		_Delay100TCYx  		CODE           	23CA	0000	19

C:\Program Files (x86)\Microchip\xc8\v1.34\sources\pic18\d100tcyx.c estimated size: 19

Unimic/unmc_01/headers\unmc_rtcc_01.h
		_Read_RTC      		CODE           	1858	0000	247
		_Write_RTC     		CODE           	11FC	0000	349

Unimic/unmc_01/headers\unmc_rtcc_01.h estimated size: 596

C:\Program Files (x86)\Microchip\xc8\v1.34\sources\common\doprnt.c
		_sprintf       		CODE           	0F98	0000	613

C:\Program Files (x86)\Microchip\xc8\v1.34\sources\common\doprnt.c estimated size: 613

C:\Program Files (x86)\Microchip\xc8\v1.34\sources\pic18\plib\rtcc\RtccWriteDate.c
		_RtccWriteDate 		CODE           	1606	0000	327

C:\Program Files (x86)\Microchip\xc8\v1.34\sources\pic18\plib\rtcc\RtccWriteDate.c estimated size: 327

main.c
		_button_number 		CODE           	21C8	0000	65
		_keyboard_contr		CODE           	14B0	0000	343
		_menu_submenu_c		CODE           	1F38	0000	91
		_menu_submenu_i		CODE           	194E	0000	169
		_home_clock_ref		CODE           	1A8C	0000	147
		_menu_submenu_a		CODE           	1F92	0000	91
		_main          		CODE           	2208	0000	53
		_menu_pin      		CODE           	223C	0000	51
		_button_asteris		CODE           	23EC	0000	15
		_menu_iterator 		CODE           	1358	0000	345
		_menu_submenu  		CODE           	1CB8	0000	119
		_lcd_write     		CODE           	238E	0000	25
		_menu_submenu_p		CODE           	1EDE	0000	91
		_setup         		CODE           	1BAC	0000	141
		_button_A      		CODE           	209A	0000	83
		_button_B      		CODE           	1DA4	0000	113
		_button_C      		CODE           	2376	0000	25
		_button_D      		CODE           	22C8	0000	39
		_button_hash   		CODE           	23DC	0000	17
		_menu_submenu_a		CODE           	1FEC	0000	91
		_home          		CODE           	2312	0000	35
		_pin_input_vali		CODE           	2356	0000	33

main.c estimated size: 2182

C:\Program Files (x86)\Microchip\xc8\v1.34\sources\common\Umul16.c
		___wmul        		CODE           	22A0	0000	41

C:\Program Files (x86)\Microchip\xc8\v1.34\sources\common\Umul16.c estimated size: 41

