Microchip MPLAB XC8 Compiler V1.34 ()

Linker command line:

--edf=C:\Program Files (x86)\Microchip\xc8\v1.34\dat\en_msgs.txt -cs \
  -h+dist/default/production\PIC_LED_KEYBOARD.production.sym \
  --cmf=dist/default/production\PIC_LED_KEYBOARD.production.cmf -z \
  -Q18F26J50 -oC:\Users\ADMINI~1\AppData\Local\Temp\s3vk.6 \
  -Mdist/default/production/PIC_LED_KEYBOARD.production.map -E1 -ver=XC8 \
  -ASTACK=094h-0ebfh -pstack=STACK -ACODE=00h-0FFF7h -ACONST=00h-0FFF7h \
  -ASMALLCONST=0F00h-0FFFhx240,0FF00h-0FFF7h -AMEDIUMCONST=0F00h-0FFF7h \
  -ACOMRAM=01h-05Fh -AABS1=00h-0EBFh -ABIGRAM=01h-0EBFh \
  -ARAM=060h-0FFh,0100h-01FFhx13,0E00h-0EBFh -ABANK0=060h-0FFh \
  -ABANK1=0100h-01FFh -ABANK2=0200h-02FFh -ABANK3=0300h-03FFh \
  -ABANK4=0400h-04FFh -ABANK5=0500h-05FFh -ABANK6=0600h-06FFh \
  -ABANK7=0700h-07FFh -ABANK8=0800h-08FFh -ABANK9=0900h-09FFh \
  -ABANK10=0A00h-0AFFh -ABANK11=0B00h-0BFFh -ABANK12=0C00h-0CFFh \
  -ABANK13=0D00h-0DFFh -ABANK14=0E00h-0EBFh \
  -ASFR=0EC0h-0EFFh,0F00h-0F5Fh,0F60h-0FFFh \
  -preset_vec=00h,intcode,intcodelo,powerup,init,end_init -pramtop=0F00h \
  -psmallconst=SMALLCONST -pmediumconst=MEDIUMCONST -pconst=CONST \
  -AFARRAM=00h-00h -ACONFIG=0FFF8h-0FFFFh -pconfig=CONFIG \
  -pjflash_buffer=0F800h \
  -prdata=COMRAM,nvrram=COMRAM,nvbit=COMRAM,rbss=COMRAM,rbit=COMRAM \
  -pfarbss=FARRAM,fardata=FARRAM,nvFARRAM=FARRAM \
  -pintsave_regs=BIGRAM,bigbss=BIGRAM,bigdata=BIGRAM -pbss=RAM \
  -pidata=CODE,irdata=CODE,ibigdata=CODE,ifardata=CODE -prparam=COMRAM \
  C:\Users\ADMINI~1\AppData\Local\Temp\s3vk.obj \
  dist/default/production\PIC_LED_KEYBOARD.production.obj 

Object code version is 3.11

Machine type is 18F26J50

Call graph: (short form)




                Name                               Link     Load   Length Selector   Space Scale
C:\Users\ADMINI~1\AppData\Local\Temp\s3vk.obj
                end_init                              0        0        4        0       0
                config                             FFF8     FFF8        8     FFF8       0
dist/default/production\PIC_LED_KEYBOARD.production.obj
                smallconst                          F00      F00       98      780       0
                text43                             1B0A     1B0A       8E      7CC       0
                text42                             1D0C     1D0C       6E      7CC       0
                text41                             1850     1850       EA      7CC       0
                text40                             2340     2340       12      7CC       0
                text39                             1C96     1C96       76      7CC       0
                text38                             21FE     21FE       32      7CC       0
                text37                             22A6     22A6       24      7CC       0
                text36                             20B8     20B8       4C      7CC       0
                text35                             1FC6     1FC6       54      7CC       0
                text34                             2304     2304       18      7CC       0
                text33                             1F6A     1F6A       5C      7CC       0
                text32                             206C     206C       4C      7CC       0
                text31                             225A     225A       28      7CC       0
                text30                             22CA     22CA       22      7CC       0
                text29                              F98      F98      264      7CC       0
                text28                             1A78     1A78       92      7CC       0
                text27                             11FC     11FC      158      7CC       0
                text26                             193A     193A       A8      7CC       0
                text25                             237E     237E        E      7CC       0
                text24                             232E     232E       12      7CC       0
                text23                             1B98     1B98       80      7CC       0
                text22                             21C4     21C4       3A      7CC       0
                text21                             2188     2188       3C      7CC       0
                text20                             1F08     1F08       62      7CC       0
                text19                             1EA6     1EA6       62      7CC       0
                text18                             1E44     1E44       62      7CC       0
                text17                             1DE2     1DE2       62      7CC       0
                text16                             201A     201A       52      7CC       0
                text15                             1C18     1C18       7E      7CC       0
                text14                             22EC     22EC       18      7CC       0
                text13                             2230     2230       2A      7CC       0
                text12                             2396     2396        6      7CC       0
                text11                             2370     2370        E      7CC       0
                text10                             2362     2362        E      7CC       0
                text9                              2352     2352       10      7CC       0
                text8                              2148     2148       40      7CC       0
                text7                              1354     1354      156      7CC       0
                text6                              231C     231C       12      7CC       0
                text5                              15FE     15FE      146      7CC       0
                text4                              1744     1744      10C      7CC       0
                text3                              19E2     19E2       96      7CC       0
                text2                              14AA     14AA      154      7CC       0
                text1                              1D7A     1D7A       68      7CC       0
                text0                              2282     2282       24      7CC       0
                cstackCOMRAM                         28       28       24        1       1
                bssBANK0                             60       60       30       60       1
                dataCOMRAM                           4C       4C        A        1       1
                bssCOMRAM                             1        1       27        1       1
                bitbssCOMRAM                        2F8       5F        1        1       1     8
                cinit                              2104     2104       44      7CC       0
                nvBANK0                              90       90        4       60       1
                nvCOMRAM                             56       56        9        1       1
                idataCOMRAM                        238C     238C        A      7CC       0

TOTAL           Name                               Link     Load   Length     Space
        CLASS   STACK          

        CLASS   CODE           
                end_init                              0        0        4         0
                text43                             1B0A     1B0A       8E         0
                text42                             1D0C     1D0C       6E         0
                text41                             1850     1850       EA         0
                text40                             2340     2340       12         0
                text39                             1C96     1C96       76         0
                text38                             21FE     21FE       32         0
                text37                             22A6     22A6       24         0
                text36                             20B8     20B8       4C         0
                text35                             1FC6     1FC6       54         0
                text34                             2304     2304       18         0
                text33                             1F6A     1F6A       5C         0
                text32                             206C     206C       4C         0
                text31                             225A     225A       28         0
                text30                             22CA     22CA       22         0
                text29                              F98      F98      264         0
                text28                             1A78     1A78       92         0
                text27                             11FC     11FC      158         0
                text26                             193A     193A       A8         0
                text25                             237E     237E        E         0
                text24                             232E     232E       12         0
                text23                             1B98     1B98       80         0
                text22                             21C4     21C4       3A         0
                text21                             2188     2188       3C         0
                text20                             1F08     1F08       62         0
                text19                             1EA6     1EA6       62         0
                text18                             1E44     1E44       62         0
                text17                             1DE2     1DE2       62         0
                text16                             201A     201A       52         0
                text15                             1C18     1C18       7E         0
                text14                             22EC     22EC       18         0
                text13                             2230     2230       2A         0
                text12                             2396     2396        6         0
                text11                             2370     2370        E         0
                text10                             2362     2362        E         0
                text9                              2352     2352       10         0
                text8                              2148     2148       40         0
                text7                              1354     1354      156         0
                text6                              231C     231C       12         0
                text5                              15FE     15FE      146         0
                text4                              1744     1744      10C         0
                text3                              19E2     19E2       96         0
                text2                              14AA     14AA      154         0
                text1                              1D7A     1D7A       68         0
                text0                              2282     2282       24         0
                cinit                              2104     2104       44         0
                idataCOMRAM                        238C     238C        A         0

        CLASS   CONST          

        CLASS   SMALLCONST     
                smallconst                          F00      F00       98         0

        CLASS   MEDIUMCONST    

        CLASS   COMRAM         
                cstackCOMRAM                         28       28       24         1
                dataCOMRAM                           4C       4C        A         1
                bssCOMRAM                             1        1       27         1
                bitbssCOMRAM                        2F8       5F        1         1
                nvCOMRAM                             56       56        9         1

        CLASS   ABS1           

        CLASS   BIGRAM         

        CLASS   RAM            

        CLASS   BANK0          
                bssBANK0                             60       60       30         1
                nvBANK0                              90       90        4         1

        CLASS   BANK1          

        CLASS   BANK2          

        CLASS   BANK3          

        CLASS   BANK4          

        CLASS   BANK5          

        CLASS   BANK6          

        CLASS   BANK7          

        CLASS   BANK8          

        CLASS   BANK9          

        CLASS   BANK10         

        CLASS   BANK11         

        CLASS   BANK12         

        CLASS   BANK13         

        CLASS   BANK14         

        CLASS   SFR            

        CLASS   FARRAM         

        CLASS   CONFIG         
                config                             FFF8     FFF8        8         0

        CLASS   IDLOC          



SEGMENTS        Name                           Load    Length   Top    Selector   Space  Class

                reset_vec                      000000  000004  000004         0       0  CODE    
                bssCOMRAM                      000001  00005F  000060         1       1  COMRAM  
                bssBANK0                       000060  000034  000094        60       1  BANK0   
                smallconst                     000F00  000098  000F98       780       0  SMALLCON
                text29                         000F98  001404  00239C       7CC       0  CODE    
                config                         00FFF8  000008  010000      FFF8       0  CONFIG  


UNUSED ADDRESS RANGES

        Name                Unused          Largest block    Delta
        BANK0            00094-000FF              6C
        BANK1            00100-001FF             100
        BANK10           00A00-00AFF             100
        BANK11           00B00-00BFF             100
        BANK12           00C00-00CFF             100
        BANK13           00D00-00DFF             100
        BANK14           00E00-00EBF              C0
        BANK2            00200-002FF             100
        BANK3            00300-003FF             100
        BANK4            00400-004FF             100
        BANK5            00500-005FF             100
        BANK6            00600-006FF             100
        BANK7            00700-007FF             100
        BANK8            00800-008FF             100
        BANK9            00900-009FF             100
        BIGRAM           00094-00EBF             E2C
        CODE             00004-00EFF             EFC
                         0239C-0FFF7            DC5C
        CONST            00004-00EFF             EFC
                         0239C-0FFF7            DC5C
        MEDIUMCONST      0239C-0FFF7            DC5C
        RAM              00094-00EBF             100
        SFR              00EC0-00FFF              60
        SMALLCONST       0239C-0FFF7             100
        STACK            00094-00EBF             E2C

                                  Symbol Table

?___awdiv                             cstackCOMRAM  00028
?___lwdiv                             cstackCOMRAM  00028
?___lwmod                             cstackCOMRAM  0002F
?___wmul                              cstackCOMRAM  00028
?_sprintf                             cstackCOMRAM  00034
Delay100TCYx@unit                     cstackCOMRAM  00028
Delay1KTCYx@unit                      cstackCOMRAM  00028
RtccReadDate@pDt                      cstackCOMRAM  00028
RtccReadDate@rTD0                     cstackCOMRAM  00032
RtccReadDate@rTD1                     cstackCOMRAM  0002A
RtccReadTime@pTm                      cstackCOMRAM  00028
RtccReadTime@rTD0                     cstackCOMRAM  00032
RtccReadTime@rTD1                     cstackCOMRAM  0002A
RtccWriteDate@di                      cstackCOMRAM  0002A
RtccWriteDate@pDt                     cstackCOMRAM  00028
RtccWriteDate@tempDayMonth            cstackCOMRAM  00031
RtccWriteDate@tempHourWDay            cstackCOMRAM  00033
RtccWriteDate@tempYear                cstackCOMRAM  0002E
RtccWriteDate@wasAlrm                 cstackCOMRAM  0002D
RtccWriteDate@wasOn                   cstackCOMRAM  0002C
RtccWriteDate@wasWrEn                 cstackCOMRAM  00030
RtccWriteTime@di                      cstackCOMRAM  0002A
RtccWriteTime@pTm                     cstackCOMRAM  00028
RtccWriteTime@tempHourWDay            cstackCOMRAM  00031
RtccWriteTime@tempMinSec              cstackCOMRAM  0002F
RtccWriteTime@wasAlrm                 cstackCOMRAM  0002D
RtccWriteTime@wasOn                   cstackCOMRAM  0002C
RtccWriteTime@wasWrEn                 cstackCOMRAM  0002E
_ADCON0                               (abs)         00FC2
_ADCON1                               (abs)         00FC1
_ALRMCFGbits                          (abs)         00F91
_ANCON0                               (abs)         00F48
_ANCON1                               (abs)         00F49
_Delay100TCYx                         text40        02340
_Delay1KTCYx                          text24        0232E
_EECON2                               (abs)         00FA7
_INTCONbits                           (abs)         00FF2
_LATAbits                             (abs)         00F89
_LATBbits                             (abs)         00F8A
_LCD_INIT_STRING                      smallconst    00F0B
_OSCCONbits                           (abs)         00FD3
_OSCTUNEbits                          (abs)         00F9B
_PIE3bits                             (abs)         00FA3
_PORTAbits                            (abs)         00F80
_PORTCbits                            (abs)         00F82
_RTCCFG                               (abs)         00F3F
_RTCCFGbits                           (abs)         00F3F
_RTCVALH                              (abs)         00F99
_RTCVALL                              (abs)         00F98
_Read_RTC                             text41        01850
_RtccAlrmTimeDate                     bssBANK0      00060
_RtccDate                             bssCOMRAM     00020
_RtccReadDate                         text43        01B0A
_RtccReadTime                         text42        01D0C
_RtccTime                             bssCOMRAM     00024
_RtccTimeDate                         bssBANK0      00068
_RtccTimeVal                          bssBANK0      00078
_RtccWrOn                             text6         0231C
_RtccWriteDate                        text5         015FE
_RtccWriteTime                        text4         01744
_Rtcc_read_TimeDate                   bssBANK0      00070
_T1CONbits                            (abs)         00FCD
_TRISA                                (abs)         00F92
_TRISB                                (abs)         00F93
_TRISBbits                            (abs)         00F93
_TRISC                                (abs)         00F94
_Write_RTC                            text2         014AA
__CFG_CP0$OFF                         (abs)         00000
__CFG_CPUDIV$OSC1                     (abs)         00000
__CFG_DSBOREN$OFF                     (abs)         00000
__CFG_DSWDTEN$OFF                     (abs)         00000
__CFG_DSWDTOSC$INTOSCREF              (abs)         00000
__CFG_DSWDTPS$G2                      (abs)         00000
__CFG_FCMEN$OFF                       (abs)         00000
__CFG_IESO$OFF                        (abs)         00000
__CFG_IOL1WAY$OFF                     (abs)         00000
__CFG_LPT1OSC$OFF                     (abs)         00000
__CFG_MSSP7B_EN$MSK7                  (abs)         00000
__CFG_OSC$INTOSC                      (abs)         00000
__CFG_PLLDIV$1                        (abs)         00000
__CFG_RTCOSC$T1OSCREF                 (abs)         00000
__CFG_STVREN$ON                       (abs)         00000
__CFG_T1DIG$ON                        (abs)         00000
__CFG_WDTEN$OFF                       (abs)         00000
__CFG_WDTPS$32768                     (abs)         00000
__CFG_WPCFG$OFF                       (abs)         00000
__CFG_WPDIS$OFF                       (abs)         00000
__CFG_XINST$OFF                       (abs)         00000
__HRAM                                (abs)         00000
__Habs1                               abs1          00000
__Hbank0                              bank0         00000
__Hbank1                              bank1         00000
__Hbank10                             bank10        00000
__Hbank11                             bank11        00000
__Hbank12                             bank12        00000
__Hbank13                             bank13        00000
__Hbank14                             bank14        00000
__Hbank2                              bank2         00000
__Hbank3                              bank3         00000
__Hbank4                              bank4         00000
__Hbank5                              bank5         00000
__Hbank6                              bank6         00000
__Hbank7                              bank7         00000
__Hbank8                              bank8         00000
__Hbank9                              bank9         00000
__Hbigbss                             bigbss        00000
__Hbigdata                            bigdata       00000
__Hbigram                             bigram        00000
__HbitbssCOMRAM                       bitbssCOMRAM  00000
__Hbss                                bss           00000
__HbssBANK0                           bssBANK0      00000
__HbssCOMRAM                          bssCOMRAM     00000
__Hcinit                              cinit         00000
__Hclrtext                            clrtext       00000
__Hcomram                             comram        00000
__Hconfig                             config        10000
__Hconst                              const         00000
__HcstackCOMRAM                       cstackCOMRAM  00000
__Hdata                               data          00000
__HdataCOMRAM                         dataCOMRAM    00000
__Hend_init                           end_init      00004
__Hfarbss                             farbss        00000
__Hfardata                            fardata       00000
__Hibigdata                           ibigdata      00000
__Hidata                              idata         00000
__HidataCOMRAM                        idataCOMRAM   00000
__Hidloc                              idloc         00000
__Hifardata                           ifardata      00000
__Hinit                               init          00000
__Hintcode                            intcode       00000
__Hintcode_body                       intcode_body  00000
__Hintcodelo                          intcodelo     00000
__Hintentry                           intentry      00000
__Hintret                             intret        00000
__Hintsave_regs                       intsave_regs  00000
__Hirdata                             irdata        00000
__Hjflash_buffer                      jflash_buffer 0F800
__Hmediumconst                        mediumconst   00000
__HnvBANK0                            nvBANK0       00000
__HnvCOMRAM                           nvCOMRAM      00000
__HnvFARRAM                           nvFARRAM      00000
__Hnvbit                              nvbit         00000
__Hnvrram                             nvrram        00000
__Hparam                              rparam        00000
__Hpowerup                            powerup       00000
__Hram                                ram           00000
__Hramtop                             ramtop        00F00
__Hrbit                               rbit          00000
__Hrbss                               rbss          00000
__Hrdata                              rdata         00000
__Hreset_vec                          reset_vec     00000
__Hrparam                             rparam        00000
__Hsfr                                sfr           00000
__Hsmallconst                         smallconst    00F98
__Hspace_0                            (abs)         10000
__Hspace_1                            (abs)         002F9
__Hspace_2                            (abs)         00000
__Hstack                              stack         00000
__Hstruct                             struct        00000
__Htemp                               temp          00000
__Htext                               text          00000
__Htext0                              text0         00000
__Htext1                              text1         00000
__Htext10                             text10        00000
__Htext11                             text11        00000
__Htext12                             text12        00000
__Htext13                             text13        00000
__Htext14                             text14        00000
__Htext15                             text15        00000
__Htext16                             text16        00000
__Htext17                             text17        00000
__Htext18                             text18        00000
__Htext19                             text19        00000
__Htext2                              text2         00000
__Htext20                             text20        00000
__Htext21                             text21        00000
__Htext22                             text22        00000
__Htext23                             text23        00000
__Htext24                             text24        00000
__Htext25                             text25        00000
__Htext26                             text26        00000
__Htext27                             text27        00000
__Htext28                             text28        00000
__Htext29                             text29        00000
__Htext3                              text3         00000
__Htext30                             text30        00000
__Htext31                             text31        00000
__Htext32                             text32        00000
__Htext33                             text33        00000
__Htext34                             text34        00000
__Htext35                             text35        00000
__Htext36                             text36        00000
__Htext37                             text37        00000
__Htext38                             text38        00000
__Htext39                             text39        00000
__Htext4                              text4         00000
__Htext40                             text40        00000
__Htext41                             text41        00000
__Htext42                             text42        00000
__Htext43                             text43        00000
__Htext5                              text5         00000
__Htext6                              text6         00000
__Htext7                              text7         00000
__Htext8                              text8         00000
__Htext9                              text9         00000
__LRAM                                (abs)         00001
__Labs1                               abs1          00000
__Lbank0                              bank0         00000
__Lbank1                              bank1         00000
__Lbank10                             bank10        00000
__Lbank11                             bank11        00000
__Lbank12                             bank12        00000
__Lbank13                             bank13        00000
__Lbank14                             bank14        00000
__Lbank2                              bank2         00000
__Lbank3                              bank3         00000
__Lbank4                              bank4         00000
__Lbank5                              bank5         00000
__Lbank6                              bank6         00000
__Lbank7                              bank7         00000
__Lbank8                              bank8         00000
__Lbank9                              bank9         00000
__Lbigbss                             bigbss        00000
__Lbigdata                            bigdata       00000
__Lbigram                             bigram        00000
__LbitbssCOMRAM                       bitbssCOMRAM  00000
__Lbss                                bss           00000
__LbssBANK0                           bssBANK0      00000
__LbssCOMRAM                          bssCOMRAM     00000
__Lcinit                              cinit         00000
__Lclrtext                            clrtext       00000
__Lcomram                             comram        00000
__Lconfig                             config        0FFF8
__Lconst                              const         00000
__LcstackCOMRAM                       cstackCOMRAM  00000
__Ldata                               data          00000
__LdataCOMRAM                         dataCOMRAM    00000
__Lend_init                           end_init      00000
__Lfarbss                             farbss        00000
__Lfardata                            fardata       00000
__Libigdata                           ibigdata      00000
__Lidata                              idata         00000
__LidataCOMRAM                        idataCOMRAM   00000
__Lidloc                              idloc         00000
__Lifardata                           ifardata      00000
__Linit                               init          00000
__Lintcode                            intcode       00000
__Lintcode_body                       intcode_body  00000
__Lintcodelo                          intcodelo     00000
__Lintentry                           intentry      00000
__Lintret                             intret        00000
__Lintsave_regs                       intsave_regs  00000
__Lirdata                             irdata        00000
__Ljflash_buffer                      jflash_buffer 0F800
__Lmediumconst                        mediumconst   00000
__LnvBANK0                            nvBANK0       00000
__LnvCOMRAM                           nvCOMRAM      00000
__LnvFARRAM                           nvFARRAM      00000
__Lnvbit                              nvbit         00000
__Lnvrram                             nvrram        00000
__Lparam                              rparam        00000
__Lpowerup                            powerup       00000
__Lram                                ram           00000
__Lramtop                             ramtop        00F00
__Lrbit                               rbit          00000
__Lrbss                               rbss          00000
__Lrdata                              rdata         00000
__Lreset_vec                          reset_vec     00000
__Lrparam                             rparam        00000
__Lsfr                                sfr           00000
__Lsmallconst                         smallconst    00F00
__Lspace_0                            (abs)         00000
__Lspace_1                            (abs)         00000
__Lspace_2                            (abs)         00000
__Lstack                              stack         00000
__Lstruct                             struct        00000
__Ltemp                               temp          00000
__Ltext                               text          00000
__Ltext0                              text0         00000
__Ltext1                              text1         00000
__Ltext10                             text10        00000
__Ltext11                             text11        00000
__Ltext12                             text12        00000
__Ltext13                             text13        00000
__Ltext14                             text14        00000
__Ltext15                             text15        00000
__Ltext16                             text16        00000
__Ltext17                             text17        00000
__Ltext18                             text18        00000
__Ltext19                             text19        00000
__Ltext2                              text2         00000
__Ltext20                             text20        00000
__Ltext21                             text21        00000
__Ltext22                             text22        00000
__Ltext23                             text23        00000
__Ltext24                             text24        00000
__Ltext25                             text25        00000
__Ltext26                             text26        00000
__Ltext27                             text27        00000
__Ltext28                             text28        00000
__Ltext29                             text29        00000
__Ltext3                              text3         00000
__Ltext30                             text30        00000
__Ltext31                             text31        00000
__Ltext32                             text32        00000
__Ltext33                             text33        00000
__Ltext34                             text34        00000
__Ltext35                             text35        00000
__Ltext36                             text36        00000
__Ltext37                             text37        00000
__Ltext38                             text38        00000
__Ltext39                             text39        00000
__Ltext4                              text4         00000
__Ltext40                             text40        00000
__Ltext41                             text41        00000
__Ltext42                             text42        00000
__Ltext43                             text43        00000
__Ltext5                              text5         00000
__Ltext6                              text6         00000
__Ltext7                              text7         00000
__Ltext8                              text8         00000
__Ltext9                              text9         00000
__S0                                  (abs)         10000
__S1                                  (abs)         00094
__S2                                  (abs)         00000
___awdiv                              text3         019E2
___awdiv@counter                      cstackCOMRAM  0002C
___awdiv@dividend                     cstackCOMRAM  00028
___awdiv@divisor                      cstackCOMRAM  0002A
___awdiv@quotient                     cstackCOMRAM  0002E
___awdiv@sign                         cstackCOMRAM  0002D
___inthi_sp                           stack         00000
___intlo_sp                           stack         00000
___lwdiv                              text33        01F6A
___lwdiv@counter                      cstackCOMRAM  0002E
___lwdiv@dividend                     cstackCOMRAM  00028
___lwdiv@divisor                      cstackCOMRAM  0002A
___lwdiv@quotient                     cstackCOMRAM  0002C
___lwmod                              text32        0206C
___lwmod@counter                      cstackCOMRAM  00033
___lwmod@dividend                     cstackCOMRAM  0002F
___lwmod@divisor                      cstackCOMRAM  00031
___param_bank                         (abs)         00010
___rparam_used                        (abs)         00001
___sp                                 stack         00000
___wmul                               text31        0225A
___wmul@multiplicand                  cstackCOMRAM  0002A
___wmul@multiplier                    cstackCOMRAM  00028
___wmul@product                       cstackCOMRAM  0002C
__accesstop                           (abs)         00060
__activetblptr                        (abs)         00002
__end_of_Delay100TCYx                 text40        02352
__end_of_Delay1KTCYx                  text24        02340
__end_of_LCD_INIT_STRING              smallconst    00F0F
__end_of_Read_RTC                     text41        0193A
__end_of_RtccReadDate                 text43        01B98
__end_of_RtccReadTime                 text42        01D7A
__end_of_RtccWrOn                     text6         0232E
__end_of_RtccWriteDate                text5         01744
__end_of_RtccWriteTime                text4         01850
__end_of_Write_RTC                    text2         015FE
__end_of___awdiv                      text3         01A78
__end_of___lwdiv                      text33        01FC6
__end_of___lwmod                      text32        020B8
__end_of___wmul                       text31        02282
__end_of__initialization              cinit         0213E
__end_of_action_menu_selector         text27        01354
__end_of_action_submenu_selector      text26        019E2
__end_of_activity_home                text13        0225A
__end_of_activity_menu                text15        01C96
__end_of_activity_pin                 text22        021FE
__end_of_activity_submenu_activation  text20        01F6A
__end_of_activity_submenu_alarm       text19        01F08
__end_of_activity_submenu_clock       text18        01EA6
__end_of_activity_submenu_pin         text17        01E44
__end_of_button_A                     text21        021C4
__end_of_button_B                     text16        0206C
__end_of_button_C                     text14        02304
__end_of_button_D                     text12        0239C
__end_of_button_asterisk              text11        0237E
__end_of_button_hash                  text9         02362
__end_of_button_number                text8         02188
__end_of_dpowers                      smallconst    00F0B
__end_of_home_clock_refresh           text28        01B0A
__end_of_isdigit                      text30        022EC
__end_of_keyboard_control             text7         014AA
__end_of_lcd_comand                   text25        0238C
__end_of_lcd_gotoxy                   text37        022CA
__end_of_lcd_init                     text23        01C18
__end_of_lcd_putc                     text36        02104
__end_of_lcd_putrs                    text35        0201A
__end_of_lcd_send_byte                text38        02230
__end_of_lcd_send_nibble              text39        01D0C
__end_of_lcd_write                    text34        0231C
__end_of_main                         text0         022A6
__end_of_pin_input_validator          text10        02370
__end_of_setup                        text1         01DE2
__end_of_sprintf                      text29        011FC
__initialization                      cinit         02104
__mediumconst                         mediumconst   00000
__pbitbssCOMRAM                       bitbssCOMRAM  002F8
__pbssBANK0                           bssBANK0      00060
__pbssCOMRAM                          bssCOMRAM     00001
__pcinit                              cinit         02104
__pcstackCOMRAM                       cstackCOMRAM  00028
__pdataCOMRAM                         dataCOMRAM    0004C
__pidataCOMRAM                        idataCOMRAM   0238C
__pnvBANK0                            nvBANK0       00090
__pnvCOMRAM                           nvCOMRAM      00056
__psmallconst                         smallconst    00F00
__ptext0                              text0         02282
__ptext1                              text1         01D7A
__ptext10                             text10        02362
__ptext11                             text11        02370
__ptext12                             text12        02396
__ptext13                             text13        02230
__ptext14                             text14        022EC
__ptext15                             text15        01C18
__ptext16                             text16        0201A
__ptext17                             text17        01DE2
__ptext18                             text18        01E44
__ptext19                             text19        01EA6
__ptext2                              text2         014AA
__ptext20                             text20        01F08
__ptext21                             text21        02188
__ptext22                             text22        021C4
__ptext23                             text23        01B98
__ptext24                             text24        0232E
__ptext25                             text25        0237E
__ptext26                             text26        0193A
__ptext27                             text27        011FC
__ptext28                             text28        01A78
__ptext29                             text29        00F98
__ptext3                              text3         019E2
__ptext30                             text30        022CA
__ptext31                             text31        0225A
__ptext32                             text32        0206C
__ptext33                             text33        01F6A
__ptext34                             text34        02304
__ptext35                             text35        01FC6
__ptext36                             text36        020B8
__ptext37                             text37        022A6
__ptext38                             text38        021FE
__ptext39                             text39        01C96
__ptext4                              text4         01744
__ptext40                             text40        02340
__ptext41                             text41        01850
__ptext42                             text42        01D0C
__ptext43                             text43        01B0A
__ptext5                              text5         015FE
__ptext6                              text6         0231C
__ptext7                              text7         01354
__ptext8                              text8         02148
__ptext9                              text9         02352
__ramtop                              ramtop        00F00
__size_of_Delay100TCYx                (abs)         00000
__size_of_Delay1KTCYx                 (abs)         00000
__size_of_Read_RTC                    (abs)         00000
__size_of_RtccReadDate                (abs)         00000
__size_of_RtccReadTime                (abs)         00000
__size_of_RtccWrOn                    (abs)         00000
__size_of_RtccWriteDate               (abs)         00000
__size_of_RtccWriteTime               (abs)         00000
__size_of_Write_RTC                   (abs)         00000
__size_of___awdiv                     (abs)         00000
__size_of___lwdiv                     (abs)         00000
__size_of___lwmod                     (abs)         00000
__size_of___wmul                      (abs)         00000
__size_of_action_menu_selector        (abs)         00000
__size_of_action_submenu_selector     (abs)         00000
__size_of_activity_home               (abs)         00000
__size_of_activity_menu               (abs)         00000
__size_of_activity_pin                (abs)         00000
__size_of_activity_submenu_activation (abs)         00000
__size_of_activity_submenu_alarm      (abs)         00000
__size_of_activity_submenu_clock      (abs)         00000
__size_of_activity_submenu_pin        (abs)         00000
__size_of_button_A                    (abs)         00000
__size_of_button_B                    (abs)         00000
__size_of_button_C                    (abs)         00000
__size_of_button_D                    (abs)         00000
__size_of_button_asterisk             (abs)         00000
__size_of_button_hash                 (abs)         00000
__size_of_button_number               (abs)         00000
__size_of_home_clock_refresh          (abs)         00000
__size_of_isdigit                     (abs)         00000
__size_of_keyboard_control            (abs)         00000
__size_of_lcd_comand                  (abs)         00000
__size_of_lcd_gotoxy                  (abs)         00000
__size_of_lcd_init                    (abs)         00000
__size_of_lcd_putc                    (abs)         00000
__size_of_lcd_putrs                   (abs)         00000
__size_of_lcd_send_byte               (abs)         00000
__size_of_lcd_send_nibble             (abs)         00000
__size_of_lcd_write                   (abs)         00000
__size_of_main                        (abs)         00000
__size_of_pin_input_validator         (abs)         00000
__size_of_setup                       (abs)         00000
__size_of_sprintf                     (abs)         00000
__smallconst                          smallconst    00F00
_a                                    bssCOMRAM     00001
_action_menu_selector                 text27        011FC
_action_submenu_selector              text26        0193A
_activity                             bssCOMRAM     00003
_activity_home                        text13        02230
_activity_menu                        text15        01C18
_activity_pin                         text22        021C4
_activity_submenu_activation          text20        01F08
_activity_submenu_alarm               text19        01EA6
_activity_submenu_clock               text18        01E44
_activity_submenu_pin                 text17        01DE2
_anio                                 dataCOMRAM    0004C
_anio_d                               nvCOMRAM      00056
_anio_u                               nvBANK0       00090
_b                                    bssCOMRAM     00005
_buffer1                              bssBANK0      0007C
_button_A                             text21        02188
_button_B                             text16        0201A
_button_C                             text14        022EC
_button_D                             text12        02396
_button_asterisk                      text11        02370
_button_hash                          text9         02352
_button_number                        text8         02148
_c                                    bssCOMRAM     00007
_dia                                  dataCOMRAM    0004E
_dia_semana                           nvBANK0       00091
_diasem                               dataCOMRAM    00050
_dpowers                              smallconst    00F01
_fecha_d                              nvCOMRAM      00057
_fecha_u                              nvBANK0       00092
_flag                                 bitbssCOMRAM  002F8
_home_clock_refresh                   text28        01A78
_hora                                 dataCOMRAM    00052
_hora_d                               nvCOMRAM      00058
_hora_u                               nvCOMRAM      00059
_i                                    bssCOMRAM     00009
_isdigit                              text30        022CA
_isdigit$2107                         cstackCOMRAM  00029
_j                                    bssCOMRAM     0000B
_k                                    bssCOMRAM     0000D
_key                                  bssCOMRAM     0001F
_keyboard_control                     text7         01354
_lcd_comand                           text25        0237E
_lcd_gotoxy                           text37        022A6
_lcd_init                             text23        01B98
_lcd_putc                             text36        020B8
_lcd_putrs                            text35        01FC6
_lcd_send_byte                        text38        021FE
_lcd_send_nibble                      text39        01C96
_lcd_write                            text34        02304
_main                                 text0         02282
_menu_selected                        bssCOMRAM     0000F
_menu_selector                        bssCOMRAM     00011
_mes                                  dataCOMRAM    00054
_mes_d                                nvCOMRAM      0005A
_mes_u                                nvBANK0       00093
_minuto                               bssCOMRAM     00013
_minuto_d                             nvCOMRAM      0005B
_minuto_u                             nvCOMRAM      0005C
_pin                                  bssCOMRAM     00015
_pin_input                            bssCOMRAM     00017
_pin_input_validator                  text10        02362
_segundo                              bssCOMRAM     00019
_segundo_d                            nvCOMRAM      0005D
_segundo_u                            nvCOMRAM      0005E
_setup                                text1         01D7A
_sprintf                              text29        00F98
_state                                bssCOMRAM     0001B
_submenu_selector                     bssCOMRAM     0001D
end_of_initialization                 cinit         0213E
intlevel0                             text          00000
intlevel1                             text          00000
intlevel2                             text          00000
intlevel3                             text          00000
isdigit@c                             cstackCOMRAM  0002A
lcd_comand@d                          cstackCOMRAM  0002C
lcd_gotoxy@address                    cstackCOMRAM  0002E
lcd_gotoxy@x                          cstackCOMRAM  0002D
lcd_gotoxy@y                          cstackCOMRAM  0002C
lcd_init@i                            cstackCOMRAM  0002C
lcd_putc@c                            cstackCOMRAM  0002F
lcd_putrs@ptr                         cstackCOMRAM  00030
lcd_send_byte@address                 cstackCOMRAM  0002B
lcd_send_byte@n                       cstackCOMRAM  0002A
lcd_send_nibble@nibble                cstackCOMRAM  00029
lcd_write@column                      cstackCOMRAM  00032
lcd_write@row                         cstackCOMRAM  00034
lcd_write@string                      cstackCOMRAM  00036
sprintf@ap                            cstackCOMRAM  00042
sprintf@c                             cstackCOMRAM  0004A
sprintf@f                             cstackCOMRAM  00036
sprintf@flag                          cstackCOMRAM  00044
sprintf@prec                          cstackCOMRAM  00047
sprintf@sp                            cstackCOMRAM  00034
sprintf@val                           cstackCOMRAM  00045
sprintf@width                         cstackCOMRAM  00048
stackhi                               (abs)         00EBF
stacklo                               (abs)         00094
start                                 init          00000
start_initialization                  cinit         02104


FUNCTION INFORMATION:

 *************** function _main *****************
 Defined at:
		line 379 in file "main.c"
 Parameters:    Size  Location     Type
		None
 Auto vars:     Size  Location     Type
		None
 Return value:  Size  Location     Type
                  2  312[None  ] int 
 Registers used:
		wreg, fsr0l, fsr0h, fsr2l, fsr2h, status,2, status,0, tblptrl, tblptrh, tblptru, prodl, prodh, cstack
 Tracked objects:
		On entry : 
		On exit  : 
		Unchanged: 
 Data sizes:     COMRAM   BANK0   BANK1   BANK2   BANK3   BANK4   BANK5   BANK6   BANK7   BANK8   BANK9  BANK10  BANK11  BANK12  BANK13  BANK14
      Params:         0       0       0       0       0       0       0       0       0       0       0       0       0       0       0       0
      Locals:         0       0       0       0       0       0       0       0       0       0       0       0       0       0       0       0
      Temps:          0       0       0       0       0       0       0       0       0       0       0       0       0       0       0       0
      Totals:         0       0       0       0       0       0       0       0       0       0       0       0       0       0       0       0
Total ram usage:        0 bytes
 Hardware stack levels required when called:   10
 This function calls:
		_Read_RTC
		_activity_home
		_home_clock_refresh
		_keyboard_control
		_setup
 This function is called by:
		Startup code after reset
 This function uses a non-reentrant model


 *************** function _setup *****************
 Defined at:
		line 54 in file "main.c"
 Parameters:    Size  Location     Type
		None
 Auto vars:     Size  Location     Type
		None
 Return value:  Size  Location     Type
		None               void
 Registers used:
		wreg, fsr2l, fsr2h, status,2, status,0, tblptrl, tblptrh, tblptru, prodl, prodh, cstack
 Tracked objects:
		On entry : 
		On exit  : 
		Unchanged: 
 Data sizes:     COMRAM   BANK0   BANK1   BANK2   BANK3   BANK4   BANK5   BANK6   BANK7   BANK8   BANK9  BANK10  BANK11  BANK12  BANK13  BANK14
      Params:         0       0       0       0       0       0       0       0       0       0       0       0       0       0       0       0
      Locals:         0       0       0       0       0       0       0       0       0       0       0       0       0       0       0       0
      Temps:          0       0       0       0       0       0       0       0       0       0       0       0       0       0       0       0
      Totals:         0       0       0       0       0       0       0       0       0       0       0       0       0       0       0       0
Total ram usage:        0 bytes
 Hardware stack levels used:    1
 Hardware stack levels required when called:    3
 This function calls:
		_Write_RTC
		_lcd_comand
		_lcd_init
 This function is called by:
		_main
 This function uses a non-reentrant model


 *************** function _Write_RTC *****************
 Defined at:
		line 74 in file "Unimic/unmc_01/headers\unmc_rtcc_01.h"
 Parameters:    Size  Location     Type
		None
 Auto vars:     Size  Location     Type
		None
 Return value:  Size  Location     Type
		None               void
 Registers used:
		wreg, fsr2l, fsr2h, status,2, status,0, prodl, prodh, cstack
 Tracked objects:
		On entry : 
		On exit  : 
		Unchanged: 
 Data sizes:     COMRAM   BANK0   BANK1   BANK2   BANK3   BANK4   BANK5   BANK6   BANK7   BANK8   BANK9  BANK10  BANK11  BANK12  BANK13  BANK14
      Params:         0       0       0       0       0       0       0       0       0       0       0       0       0       0       0       0
      Locals:         0       0       0       0       0       0       0       0       0       0       0       0       0       0       0       0
      Temps:          0       0       0       0       0       0       0       0       0       0       0       0       0       0       0       0
      Totals:         0       0       0       0       0       0       0       0       0       0       0       0       0       0       0       0
Total ram usage:        0 bytes
 Hardware stack levels used:    1
 Hardware stack levels required when called:    2
 This function calls:
		_RtccWrOn
		_RtccWriteDate
		_RtccWriteTime
		___awdiv
 This function is called by:
		_setup
 This function uses a non-reentrant model


 *************** function ___awdiv *****************
 Defined at:
		line 8 in file "C:\Program Files (x86)\Microchip\xc8\v1.34\sources\common\awdiv.c"
 Parameters:    Size  Location     Type
  dividend        2    0[COMRAM] int 
  divisor         2    2[COMRAM] int 
 Auto vars:     Size  Location     Type
  quotient        2    6[COMRAM] int 
  sign            1    5[COMRAM] unsigned char 
  counter         1    4[COMRAM] unsigned char 
 Return value:  Size  Location     Type
                  2    0[COMRAM] int 
 Registers used:
		wreg, status,2, status,0
 Tracked objects:
		On entry : 
		On exit  : 
		Unchanged: 
 Data sizes:     COMRAM   BANK0   BANK1   BANK2   BANK3   BANK4   BANK5   BANK6   BANK7   BANK8   BANK9  BANK10  BANK11  BANK12  BANK13  BANK14
      Params:         4       0       0       0       0       0       0       0       0       0       0       0       0       0       0       0
      Locals:         4       0       0       0       0       0       0       0       0       0       0       0       0       0       0       0
      Temps:          0       0       0       0       0       0       0       0       0       0       0       0       0       0       0       0
      Totals:         8       0       0       0       0       0       0       0       0       0       0       0       0       0       0       0
Total ram usage:        8 bytes
 Hardware stack levels used:    1
 This function calls:
		Nothing
 This function is called by:
		_Write_RTC
 This function uses a non-reentrant model


 *************** function _RtccWriteTime *****************
 Defined at:
		line 34 in file "C:\Program Files (x86)\Microchip\xc8\v1.34\sources\pic18\plib\rtcc\RtccWriteTime.c"
 Parameters:    Size  Location     Type
  pTm             2    0[COMRAM] PTR const struct .
		 -> RtccTime(4), 
  di              1    2[COMRAM] enum E7121
 Auto vars:     Size  Location     Type
  tempHourWDay    2    9[COMRAM] struct .
  tempMinSec      2    7[COMRAM] struct .
  wasWrEn         1    6[COMRAM] enum E7121
  wasAlrm         1    5[COMRAM] enum E7121
  wasOn           1    4[COMRAM] enum E7121
 Return value:  Size  Location     Type
                  1    wreg      enum E7337
 Registers used:
		wreg, fsr2l, fsr2h, status,2, status,0, cstack
 Tracked objects:
		On entry : 
		On exit  : 
		Unchanged: 
 Data sizes:     COMRAM   BANK0   BANK1   BANK2   BANK3   BANK4   BANK5   BANK6   BANK7   BANK8   BANK9  BANK10  BANK11  BANK12  BANK13  BANK14
      Params:         3       0       0       0       0       0       0       0       0       0       0       0       0       0       0       0
      Locals:         7       0       0       0       0       0       0       0       0       0       0       0       0       0       0       0
      Temps:          1       0       0       0       0       0       0       0       0       0       0       0       0       0       0       0
      Totals:        11       0       0       0       0       0       0       0       0       0       0       0       0       0       0       0
Total ram usage:       11 bytes
 Hardware stack levels used:    1
 Hardware stack levels required when called:    1
 This function calls:
		_RtccWrOn
 This function is called by:
		_Write_RTC
 This function uses a non-reentrant model


 *************** function _RtccWriteDate *****************
 Defined at:
		line 35 in file "C:\Program Files (x86)\Microchip\xc8\v1.34\sources\pic18\plib\rtcc\RtccWriteDate.c"
 Parameters:    Size  Location     Type
  pDt             2    0[COMRAM] PTR const struct .
		 -> RtccDate(4), 
  di              1    2[COMRAM] enum E7121
 Auto vars:     Size  Location     Type
  tempHourWDay    2   11[COMRAM] struct .
  tempDayMonth    2    9[COMRAM] struct .
  tempYear        2    6[COMRAM] struct .
  wasWrEn         1    8[COMRAM] enum E7121
  wasAlrm         1    5[COMRAM] enum E7121
  wasOn           1    4[COMRAM] enum E7121
 Return value:  Size  Location     Type
                  1    wreg      enum E7337
 Registers used:
		wreg, fsr2l, fsr2h, status,2, status,0, cstack
 Tracked objects:
		On entry : 
		On exit  : 
		Unchanged: 
 Data sizes:     COMRAM   BANK0   BANK1   BANK2   BANK3   BANK4   BANK5   BANK6   BANK7   BANK8   BANK9  BANK10  BANK11  BANK12  BANK13  BANK14
      Params:         3       0       0       0       0       0       0       0       0       0       0       0       0       0       0       0
      Locals:         9       0       0       0       0       0       0       0       0       0       0       0       0       0       0       0
      Temps:          1       0       0       0       0       0       0       0       0       0       0       0       0       0       0       0
      Totals:        13       0       0       0       0       0       0       0       0       0       0       0       0       0       0       0
Total ram usage:       13 bytes
 Hardware stack levels used:    1
 Hardware stack levels required when called:    1
 This function calls:
		_RtccWrOn
 This function is called by:
		_Write_RTC
 This function uses a non-reentrant model


 *************** function _RtccWrOn *****************
 Defined at:
		line 21 in file "C:\Program Files (x86)\Microchip\xc8\v1.34\sources\pic18\plib\rtcc\RtccWrOn.c"
 Parameters:    Size  Location     Type
		None
 Auto vars:     Size  Location     Type
  data            2    0        unsigned int 
 Return value:  Size  Location     Type
		None               void
 Registers used:
		wreg, status,2
 Tracked objects:
		On entry : 
		On exit  : 
		Unchanged: 
 Data sizes:     COMRAM   BANK0   BANK1   BANK2   BANK3   BANK4   BANK5   BANK6   BANK7   BANK8   BANK9  BANK10  BANK11  BANK12  BANK13  BANK14
      Params:         0       0       0       0       0       0       0       0       0       0       0       0       0       0       0       0
      Locals:         0       0       0       0       0       0       0       0       0       0       0       0       0       0       0       0
      Temps:          0       0       0       0       0       0       0       0       0       0       0       0       0       0       0       0
      Totals:         0       0       0       0       0       0       0       0       0       0       0       0       0       0       0       0
Total ram usage:        0 bytes
 Hardware stack levels used:    1
 This function calls:
		Nothing
 This function is called by:
		_Write_RTC
		_RtccWriteDate
		_RtccWriteTime
 This function uses a non-reentrant model


 *************** function _keyboard_control *****************
 Defined at:
		line 340 in file "main.c"
 Parameters:    Size  Location     Type
		None
 Auto vars:     Size  Location     Type
		None
 Return value:  Size  Location     Type
		None               void
 Registers used:
		wreg, fsr0l, fsr0h, fsr2l, fsr2h, status,2, status,0, tblptrl, tblptrh, tblptru, prodl, prodh, cstack
 Tracked objects:
		On entry : 
		On exit  : 
		Unchanged: 
 Data sizes:     COMRAM   BANK0   BANK1   BANK2   BANK3   BANK4   BANK5   BANK6   BANK7   BANK8   BANK9  BANK10  BANK11  BANK12  BANK13  BANK14
      Params:         0       0       0       0       0       0       0       0       0       0       0       0       0       0       0       0
      Locals:         0       0       0       0       0       0       0       0       0       0       0       0       0       0       0       0
      Temps:          1       0       0       0       0       0       0       0       0       0       0       0       0       0       0       0
      Totals:         1       0       0       0       0       0       0       0       0       0       0       0       0       0       0       0
Total ram usage:        1 bytes
 Hardware stack levels used:    1
 Hardware stack levels required when called:    9
 This function calls:
		_button_A
		_button_B
		_button_C
		_button_D
		_button_asterisk
		_button_hash
		_button_number
 This function is called by:
		_main
 This function uses a non-reentrant model


 *************** function _button_number *****************
 Defined at:
		line 324 in file "main.c"
 Parameters:    Size  Location     Type
		None
 Auto vars:     Size  Location     Type
		None
 Return value:  Size  Location     Type
		None               void
 Registers used:
		wreg, fsr0l, fsr0h, fsr2l, fsr2h, status,2, status,0, tblptrl, tblptrh, tblptru, prodl, prodh, cstack
 Tracked objects:
		On entry : 
		On exit  : 
		Unchanged: 
 Data sizes:     COMRAM   BANK0   BANK1   BANK2   BANK3   BANK4   BANK5   BANK6   BANK7   BANK8   BANK9  BANK10  BANK11  BANK12  BANK13  BANK14
      Params:         0       0       0       0       0       0       0       0       0       0       0       0       0       0       0       0
      Locals:         0       0       0       0       0       0       0       0       0       0       0       0       0       0       0       0
      Temps:          0       0       0       0       0       0       0       0       0       0       0       0       0       0       0       0
      Totals:         0       0       0       0       0       0       0       0       0       0       0       0       0       0       0       0
Total ram usage:        0 bytes
 Hardware stack levels used:    1
 Hardware stack levels required when called:    5
 This function calls:
		_lcd_putrs
		_sprintf
 This function is called by:
		_keyboard_control
 This function uses a non-reentrant model


 *************** function _button_hash *****************
 Defined at:
		line 315 in file "main.c"
 Parameters:    Size  Location     Type
		None
 Auto vars:     Size  Location     Type
		None
 Return value:  Size  Location     Type
		None               void
 Registers used:
		wreg, fsr0l, fsr0h, status,2, status,0, tblptrl, tblptrh, tblptru, prodl, prodh, cstack
 Tracked objects:
		On entry : 
		On exit  : 
		Unchanged: 
 Data sizes:     COMRAM   BANK0   BANK1   BANK2   BANK3   BANK4   BANK5   BANK6   BANK7   BANK8   BANK9  BANK10  BANK11  BANK12  BANK13  BANK14
      Params:         0       0       0       0       0       0       0       0       0       0       0       0       0       0       0       0
      Locals:         0       0       0       0       0       0       0       0       0       0       0       0       0       0       0       0
      Temps:          0       0       0       0       0       0       0       0       0       0       0       0       0       0       0       0
      Totals:         0       0       0       0       0       0       0       0       0       0       0       0       0       0       0       0
Total ram usage:        0 bytes
 Hardware stack levels used:    1
 Hardware stack levels required when called:    8
 This function calls:
		_pin_input_validator
 This function is called by:
		_keyboard_control
 This function uses a non-reentrant model


 *************** function _pin_input_validator *****************
 Defined at:
		line 232 in file "main.c"
 Parameters:    Size  Location     Type
		None
 Auto vars:     Size  Location     Type
		None
 Return value:  Size  Location     Type
		None               void
 Registers used:
		wreg, fsr0l, fsr0h, status,2, status,0, tblptrl, tblptrh, tblptru, prodl, prodh, cstack
 Tracked objects:
		On entry : 
		On exit  : 
		Unchanged: 
 Data sizes:     COMRAM   BANK0   BANK1   BANK2   BANK3   BANK4   BANK5   BANK6   BANK7   BANK8   BANK9  BANK10  BANK11  BANK12  BANK13  BANK14
      Params:         0       0       0       0       0       0       0       0       0       0       0       0       0       0       0       0
      Locals:         0       0       0       0       0       0       0       0       0       0       0       0       0       0       0       0
      Temps:          0       0       0       0       0       0       0       0       0       0       0       0       0       0       0       0
      Totals:         0       0       0       0       0       0       0       0       0       0       0       0       0       0       0       0
Total ram usage:        0 bytes
 Hardware stack levels used:    1
 Hardware stack levels required when called:    7
 This function calls:
		_activity_menu
		_activity_pin
 This function is called by:
		_button_hash
 This function uses a non-reentrant model


 *************** function _button_asterisk *****************
 Defined at:
		line 310 in file "main.c"
 Parameters:    Size  Location     Type
		None
 Auto vars:     Size  Location     Type
		None
 Return value:  Size  Location     Type
		None               void
 Registers used:
		wreg, fsr0l, fsr0h, status,2, status,0, tblptrl, tblptrh, tblptru, cstack
 Tracked objects:
		On entry : 
		On exit  : 
		Unchanged: 
 Data sizes:     COMRAM   BANK0   BANK1   BANK2   BANK3   BANK4   BANK5   BANK6   BANK7   BANK8   BANK9  BANK10  BANK11  BANK12  BANK13  BANK14
      Params:         0       0       0       0       0       0       0       0       0       0       0       0       0       0       0       0
      Locals:         0       0       0       0       0       0       0       0       0       0       0       0       0       0       0       0
      Temps:          0       0       0       0       0       0       0       0       0       0       0       0       0       0       0       0
      Totals:         0       0       0       0       0       0       0       0       0       0       0       0       0       0       0       0
Total ram usage:        0 bytes
 Hardware stack levels used:    1
 Hardware stack levels required when called:    5
 This function calls:
		_lcd_putrs
 This function is called by:
		_keyboard_control
 This function uses a non-reentrant model


 *************** function _button_D *****************
 Defined at:
		line 303 in file "main.c"
 Parameters:    Size  Location     Type
		None
 Auto vars:     Size  Location     Type
		None
 Return value:  Size  Location     Type
		None               void
 Registers used:
		wreg, fsr0l, fsr0h, status,2, status,0, tblptrl, tblptrh, tblptru, prodl, prodh, cstack
 Tracked objects:
		On entry : 
		On exit  : 
		Unchanged: 
 Data sizes:     COMRAM   BANK0   BANK1   BANK2   BANK3   BANK4   BANK5   BANK6   BANK7   BANK8   BANK9  BANK10  BANK11  BANK12  BANK13  BANK14
      Params:         0       0       0       0       0       0       0       0       0       0       0       0       0       0       0       0
      Locals:         0       0       0       0       0       0       0       0       0       0       0       0       0       0       0       0
      Temps:          0       0       0       0       0       0       0       0       0       0       0       0       0       0       0       0
      Totals:         0       0       0       0       0       0       0       0       0       0       0       0       0       0       0       0
Total ram usage:        0 bytes
 Hardware stack levels used:    1
 Hardware stack levels required when called:    7
 This function calls:
		_activity_home
 This function is called by:
		_keyboard_control
 This function uses a non-reentrant model


 *************** function _activity_home *****************
 Defined at:
		line 100 in file "main.c"
 Parameters:    Size  Location     Type
		None
 Auto vars:     Size  Location     Type
		None
 Return value:  Size  Location     Type
		None               void
 Registers used:
		wreg, fsr0l, fsr0h, status,2, status,0, tblptrl, tblptrh, tblptru, prodl, prodh, cstack
 Tracked objects:
		On entry : 
		On exit  : 
		Unchanged: 
 Data sizes:     COMRAM   BANK0   BANK1   BANK2   BANK3   BANK4   BANK5   BANK6   BANK7   BANK8   BANK9  BANK10  BANK11  BANK12  BANK13  BANK14
      Params:         0       0       0       0       0       0       0       0       0       0       0       0       0       0       0       0
      Locals:         0       0       0       0       0       0       0       0       0       0       0       0       0       0       0       0
      Temps:          0       0       0       0       0       0       0       0       0       0       0       0       0       0       0       0
      Totals:         0       0       0       0       0       0       0       0       0       0       0       0       0       0       0       0
Total ram usage:        0 bytes
 Hardware stack levels used:    1
 Hardware stack levels required when called:    6
 This function calls:
		_lcd_init
		_lcd_write
 This function is called by:
		_button_D
		_main
 This function uses a non-reentrant model


 *************** function _button_C *****************
 Defined at:
		line 294 in file "main.c"
 Parameters:    Size  Location     Type
		None
 Auto vars:     Size  Location     Type
		None
 Return value:  Size  Location     Type
		None               void
 Registers used:
		wreg, fsr0l, fsr0h, status,2, status,0, tblptrl, tblptrh, tblptru, prodl, prodh, cstack
 Tracked objects:
		On entry : 
		On exit  : 
		Unchanged: 
 Data sizes:     COMRAM   BANK0   BANK1   BANK2   BANK3   BANK4   BANK5   BANK6   BANK7   BANK8   BANK9  BANK10  BANK11  BANK12  BANK13  BANK14
      Params:         0       0       0       0       0       0       0       0       0       0       0       0       0       0       0       0
      Locals:         0       0       0       0       0       0       0       0       0       0       0       0       0       0       0       0
      Temps:          0       0       0       0       0       0       0       0       0       0       0       0       0       0       0       0
      Totals:         0       0       0       0       0       0       0       0       0       0       0       0       0       0       0       0
Total ram usage:        0 bytes
 Hardware stack levels used:    1
 Hardware stack levels required when called:    7
 This function calls:
		_activity_menu
 This function is called by:
		_keyboard_control
 This function uses a non-reentrant model


 *************** function _activity_menu *****************
 Defined at:
		line 119 in file "main.c"
 Parameters:    Size  Location     Type
		None
 Auto vars:     Size  Location     Type
		None
 Return value:  Size  Location     Type
		None               void
 Registers used:
		wreg, fsr0l, fsr0h, status,2, status,0, tblptrl, tblptrh, tblptru, prodl, prodh, cstack
 Tracked objects:
		On entry : 
		On exit  : 
		Unchanged: 
 Data sizes:     COMRAM   BANK0   BANK1   BANK2   BANK3   BANK4   BANK5   BANK6   BANK7   BANK8   BANK9  BANK10  BANK11  BANK12  BANK13  BANK14
      Params:         0       0       0       0       0       0       0       0       0       0       0       0       0       0       0       0
      Locals:         0       0       0       0       0       0       0       0       0       0       0       0       0       0       0       0
      Temps:          0       0       0       0       0       0       0       0       0       0       0       0       0       0       0       0
      Totals:         0       0       0       0       0       0       0       0       0       0       0       0       0       0       0       0
Total ram usage:        0 bytes
 Hardware stack levels used:    1
 Hardware stack levels required when called:    6
 This function calls:
		_lcd_init
		_lcd_write
 This function is called by:
		_pin_input_validator
		_button_C
 This function uses a non-reentrant model


 *************** function _button_B *****************
 Defined at:
		line 266 in file "main.c"
 Parameters:    Size  Location     Type
		None
 Auto vars:     Size  Location     Type
		None
 Return value:  Size  Location     Type
		None               void
 Registers used:
		wreg, fsr0l, fsr0h, status,2, status,0, tblptrl, tblptrh, tblptru, prodl, prodh, cstack
 Tracked objects:
		On entry : 
		On exit  : 
		Unchanged: 
 Data sizes:     COMRAM   BANK0   BANK1   BANK2   BANK3   BANK4   BANK5   BANK6   BANK7   BANK8   BANK9  BANK10  BANK11  BANK12  BANK13  BANK14
      Params:         0       0       0       0       0       0       0       0       0       0       0       0       0       0       0       0
      Locals:         0       0       0       0       0       0       0       0       0       0       0       0       0       0       0       0
      Temps:          2       0       0       0       0       0       0       0       0       0       0       0       0       0       0       0
      Totals:         2       0       0       0       0       0       0       0       0       0       0       0       0       0       0       0
Total ram usage:        2 bytes
 Hardware stack levels used:    1
 Hardware stack levels required when called:    7
 This function calls:
		_activity_submenu_activation
		_activity_submenu_alarm
		_activity_submenu_clock
		_activity_submenu_pin
 This function is called by:
		_keyboard_control
 This function uses a non-reentrant model


 *************** function _activity_submenu_pin *****************
 Defined at:
		line 210 in file "main.c"
 Parameters:    Size  Location     Type
		None
 Auto vars:     Size  Location     Type
		None
 Return value:  Size  Location     Type
		None               void
 Registers used:
		wreg, fsr0l, fsr0h, status,2, status,0, tblptrl, tblptrh, tblptru, prodl, prodh, cstack
 Tracked objects:
		On entry : 
		On exit  : 
		Unchanged: 
 Data sizes:     COMRAM   BANK0   BANK1   BANK2   BANK3   BANK4   BANK5   BANK6   BANK7   BANK8   BANK9  BANK10  BANK11  BANK12  BANK13  BANK14
      Params:         0       0       0       0       0       0       0       0       0       0       0       0       0       0       0       0
      Locals:         0       0       0       0       0       0       0       0       0       0       0       0       0       0       0       0
      Temps:          0       0       0       0       0       0       0       0       0       0       0       0       0       0       0       0
      Totals:         0       0       0       0       0       0       0       0       0       0       0       0       0       0       0       0
Total ram usage:        0 bytes
 Hardware stack levels used:    1
 Hardware stack levels required when called:    6
 This function calls:
		_lcd_init
		_lcd_write
 This function is called by:
		_button_B
 This function uses a non-reentrant model


 *************** function _activity_submenu_clock *****************
 Defined at:
		line 199 in file "main.c"
 Parameters:    Size  Location     Type
		None
 Auto vars:     Size  Location     Type
		None
 Return value:  Size  Location     Type
		None               void
 Registers used:
		wreg, fsr0l, fsr0h, status,2, status,0, tblptrl, tblptrh, tblptru, prodl, prodh, cstack
 Tracked objects:
		On entry : 
		On exit  : 
		Unchanged: 
 Data sizes:     COMRAM   BANK0   BANK1   BANK2   BANK3   BANK4   BANK5   BANK6   BANK7   BANK8   BANK9  BANK10  BANK11  BANK12  BANK13  BANK14
      Params:         0       0       0       0       0       0       0       0       0       0       0       0       0       0       0       0
      Locals:         0       0       0       0       0       0       0       0       0       0       0       0       0       0       0       0
      Temps:          0       0       0       0       0       0       0       0       0       0       0       0       0       0       0       0
      Totals:         0       0       0       0       0       0       0       0       0       0       0       0       0       0       0       0
Total ram usage:        0 bytes
 Hardware stack levels used:    1
 Hardware stack levels required when called:    6
 This function calls:
		_lcd_init
		_lcd_write
 This function is called by:
		_button_B
 This function uses a non-reentrant model


 *************** function _activity_submenu_alarm *****************
 Defined at:
		line 221 in file "main.c"
 Parameters:    Size  Location     Type
		None
 Auto vars:     Size  Location     Type
		None
 Return value:  Size  Location     Type
		None               void
 Registers used:
		wreg, fsr0l, fsr0h, status,2, status,0, tblptrl, tblptrh, tblptru, prodl, prodh, cstack
 Tracked objects:
		On entry : 
		On exit  : 
		Unchanged: 
 Data sizes:     COMRAM   BANK0   BANK1   BANK2   BANK3   BANK4   BANK5   BANK6   BANK7   BANK8   BANK9  BANK10  BANK11  BANK12  BANK13  BANK14
      Params:         0       0       0       0       0       0       0       0       0       0       0       0       0       0       0       0
      Locals:         0       0       0       0       0       0       0       0       0       0       0       0       0       0       0       0
      Temps:          0       0       0       0       0       0       0       0       0       0       0       0       0       0       0       0
      Totals:         0       0       0       0       0       0       0       0       0       0       0       0       0       0       0       0
Total ram usage:        0 bytes
 Hardware stack levels used:    1
 Hardware stack levels required when called:    6
 This function calls:
		_lcd_init
		_lcd_write
 This function is called by:
		_button_B
 This function uses a non-reentrant model


 *************** function _activity_submenu_activation *****************
 Defined at:
		line 188 in file "main.c"
 Parameters:    Size  Location     Type
		None
 Auto vars:     Size  Location     Type
		None
 Return value:  Size  Location     Type
		None               void
 Registers used:
		wreg, fsr0l, fsr0h, status,2, status,0, tblptrl, tblptrh, tblptru, prodl, prodh, cstack
 Tracked objects:
		On entry : 
		On exit  : 
		Unchanged: 
 Data sizes:     COMRAM   BANK0   BANK1   BANK2   BANK3   BANK4   BANK5   BANK6   BANK7   BANK8   BANK9  BANK10  BANK11  BANK12  BANK13  BANK14
      Params:         0       0       0       0       0       0       0       0       0       0       0       0       0       0       0       0
      Locals:         0       0       0       0       0       0       0       0       0       0       0       0       0       0       0       0
      Temps:          0       0       0       0       0       0       0       0       0       0       0       0       0       0       0       0
      Totals:         0       0       0       0       0       0       0       0       0       0       0       0       0       0       0       0
[...]
		 -> STR_9(7), STR_8(4), STR_7(6), STR_6(8), 
		 -> STR_5(16), STR_4(4), buffer1(20), 
 Auto vars:     Size  Location     Type
		None
 Return value:  Size  Location     Type
		None               void
 Registers used:
		wreg, fsr0l, fsr0h, status,2, status,0, tblptrl, tblptrh, tblptru, cstack
 Tracked objects:
		On entry : 
		On exit  : 
		Unchanged: 
 Data sizes:     COMRAM   BANK0   BANK1   BANK2   BANK3   BANK4   BANK5   BANK6   BANK7   BANK8   BANK9  BANK10  BANK11  BANK12  BANK13  BANK14
      Params:         6       0       0       0       0       0       0       0       0       0       0       0       0       0       0       0
      Locals:         0       0       0       0       0       0       0       0       0       0       0       0       0       0       0       0
      Temps:          0       0       0       0       0       0       0       0       0       0       0       0       0       0       0       0
      Totals:         6       0       0       0       0       0       0       0       0       0       0       0       0       0       0       0
Total ram usage:        6 bytes
 Hardware stack levels used:    1
 Hardware stack levels required when called:    5
 This function calls:
		_lcd_gotoxy
		_lcd_putrs
 This function is called by:
		_home_clock_refresh
		_activity_home
		_activity_pin
		_activity_menu
		_action_menu_selector
		_action_submenu_selector
		_activity_submenu_activation
		_activity_submenu_clock
		_activity_submenu_pin
		_activity_submenu_alarm
 This function uses a non-reentrant model


 *************** function _lcd_putrs *****************
 Defined at:
		line 221 in file "Unimic/unmc_01/sources/unmc_lcd_216.c"
 Parameters:    Size  Location     Type
  ptr             2    8[COMRAM] PTR const unsigned char 
		 -> STR_35(2), STR_34(2), STR_33(5), STR_32(8), 
		 -> STR_31(7), STR_30(6), STR_29(8), STR_28(4), 
		 -> STR_27(5), STR_26(6), STR_25(6), STR_24(3), 
		 -> STR_23(3), STR_22(8), STR_21(2), STR_20(2), 
		 -> STR_19(2), STR_18(2), STR_17(2), STR_16(2), 
		 -> STR_15(2), STR_14(2), STR_13(2), STR_12(2), 
		 -> STR_11(2), STR_10(2), STR_9(7), STR_8(4), 
		 -> STR_7(6), STR_6(8), STR_5(16), STR_4(4), 
		 -> buffer1(20), 
 Auto vars:     Size  Location     Type
		None
 Return value:  Size  Location     Type
		None               void
 Registers used:
		wreg, fsr0l, fsr0h, status,2, status,0, tblptrl, tblptrh, tblptru, cstack
 Tracked objects:
		On entry : 
		On exit  : 
		Unchanged: 
 Data sizes:     COMRAM   BANK0   BANK1   BANK2   BANK3   BANK4   BANK5   BANK6   BANK7   BANK8   BANK9  BANK10  BANK11  BANK12  BANK13  BANK14
      Params:         2       0       0       0       0       0       0       0       0       0       0       0       0       0       0       0
      Locals:         0       0       0       0       0       0       0       0       0       0       0       0       0       0       0       0
      Temps:          0       0       0       0       0       0       0       0       0       0       0       0       0       0       0       0
      Totals:         2       0       0       0       0       0       0       0       0       0       0       0       0       0       0       0
Total ram usage:        2 bytes
 Hardware stack levels used:    1
 Hardware stack levels required when called:    4
 This function calls:
		_lcd_putc
 This function is called by:
		_lcd_write
		_button_asterisk
		_button_number
 This function uses a non-reentrant model


 *************** function _lcd_putc *****************
 Defined at:
		line 172 in file "Unimic/unmc_01/sources/unmc_lcd_216.c"
 Parameters:    Size  Location     Type
  c               1    wreg     unsigned char 
 Auto vars:     Size  Location     Type
  c               1    7[COMRAM] unsigned char 
 Return value:  Size  Location     Type
		None               void
 Registers used:
		wreg, status,2, status,0, cstack
 Tracked objects:
		On entry : 
		On exit  : 
		Unchanged: 
 Data sizes:     COMRAM   BANK0   BANK1   BANK2   BANK3   BANK4   BANK5   BANK6   BANK7   BANK8   BANK9  BANK10  BANK11  BANK12  BANK13  BANK14
      Params:         0       0       0       0       0       0       0       0       0       0       0       0       0       0       0       0
      Locals:         1       0       0       0       0       0       0       0       0       0       0       0       0       0       0       0
      Temps:          0       0       0       0       0       0       0       0       0       0       0       0       0       0       0       0
      Totals:         1       0       0       0       0       0       0       0       0       0       0       0       0       0       0       0
Total ram usage:        1 bytes
 Hardware stack levels used:    1
 Hardware stack levels required when called:    3
 This function calls:
		_lcd_gotoxy
		_lcd_send_byte
 This function is called by:
		_lcd_putrs
		_lcd_puts
 This function uses a non-reentrant model


 *************** function _lcd_gotoxy *****************
 Defined at:
		line 158 in file "Unimic/unmc_01/sources/unmc_lcd_216.c"
 Parameters:    Size  Location     Type
  x               1    wreg     unsigned char 
  y               1    4[COMRAM] unsigned char 
 Auto vars:     Size  Location     Type
  x               1    5[COMRAM] unsigned char 
  address         1    6[COMRAM] unsigned char 
 Return value:  Size  Location     Type
		None               void
 Registers used:
		wreg, status,2, status,0, cstack
 Tracked objects:
		On entry : 
		On exit  : 
		Unchanged: 
 Data sizes:     COMRAM   BANK0   BANK1   BANK2   BANK3   BANK4   BANK5   BANK6   BANK7   BANK8   BANK9  BANK10  BANK11  BANK12  BANK13  BANK14
      Params:         1       0       0       0       0       0       0       0       0       0       0       0       0       0       0       0
      Locals:         2       0       0       0       0       0       0       0       0       0       0       0       0       0       0       0
      Temps:          0       0       0       0       0       0       0       0       0       0       0       0       0       0       0       0
      Totals:         3       0       0       0       0       0       0       0       0       0       0       0       0       0       0       0
Total ram usage:        3 bytes
 Hardware stack levels used:    1
 Hardware stack levels required when called:    2
 This function calls:
		_lcd_send_byte
 This function is called by:
		_lcd_write
		_activity_pin
		_lcd_putc
 This function uses a non-reentrant model


 *************** function _lcd_send_byte *****************
 Defined at:
		line 86 in file "Unimic/unmc_01/sources/unmc_lcd_216.c"
 Parameters:    Size  Location     Type
  address         1    wreg     unsigned char 
  n               1    2[COMRAM] unsigned char 
 Auto vars:     Size  Location     Type
  address         1    3[COMRAM] unsigned char 
 Return value:  Size  Location     Type
		None               void
 Registers used:
		wreg, status,2, status,0, cstack
 Tracked objects:
		On entry : 
		On exit  : 
		Unchanged: 
 Data sizes:     COMRAM   BANK0   BANK1   BANK2   BANK3   BANK4   BANK5   BANK6   BANK7   BANK8   BANK9  BANK10  BANK11  BANK12  BANK13  BANK14
      Params:         1       0       0       0       0       0       0       0       0       0       0       0       0       0       0       0
      Locals:         1       0       0       0       0       0       0       0       0       0       0       0       0       0       0       0
      Temps:          0       0       0       0       0       0       0       0       0       0       0       0       0       0       0       0
      Totals:         2       0       0       0       0       0       0       0       0       0       0       0       0       0       0       0
Total ram usage:        2 bytes
 Hardware stack levels used:    1
 Hardware stack levels required when called:    1
 This function calls:
		_Delay100TCYx
		_lcd_send_nibble
 This function is called by:
		_lcd_init
		_lcd_gotoxy
		_lcd_putc
		_lcd_comand
		_lcd_setcursor_vb
 This function uses a non-reentrant model


 *************** function _lcd_send_nibble *****************
 Defined at:
		line 25 in file "Unimic/unmc_01/sources/unmc_lcd_216.c"
 Parameters:    Size  Location     Type
  nibble          1    wreg     unsigned char 
 Auto vars:     Size  Location     Type
  nibble          1    1[COMRAM] unsigned char 
 Return value:  Size  Location     Type
		None               void
 Registers used:
		wreg, status,2, status,0
 Tracked objects:
		On entry : 
		On exit  : 
		Unchanged: 
 Data sizes:     COMRAM   BANK0   BANK1   BANK2   BANK3   BANK4   BANK5   BANK6   BANK7   BANK8   BANK9  BANK10  BANK11  BANK12  BANK13  BANK14
      Params:         0       0       0       0       0       0       0       0       0       0       0       0       0       0       0       0
      Locals:         1       0       0       0       0       0       0       0       0       0       0       0       0       0       0       0
      Temps:          1       0       0       0       0       0       0       0       0       0       0       0       0       0       0       0
      Totals:         2       0       0       0       0       0       0       0       0       0       0       0       0       0       0       0
Total ram usage:        2 bytes
 Hardware stack levels used:    1
 This function calls:
		Nothing
 This function is called by:
		_lcd_send_byte
		_lcd_init
 This function uses a non-reentrant model


 *************** function _Delay100TCYx *****************
 Defined at:
		line 8 in file "C:\Program Files (x86)\Microchip\xc8\v1.34\sources\pic18\d100tcyx.c"
 Parameters:    Size  Location     Type
  unit            1    wreg     unsigned char 
 Auto vars:     Size  Location     Type
  unit            1    0[COMRAM] unsigned char 
 Return value:  Size  Location     Type
		None               void
 Registers used:
		wreg
 Tracked objects:
		On entry : 
		On exit  : 
		Unchanged: 
 Data sizes:     COMRAM   BANK0   BANK1   BANK2   BANK3   BANK4   BANK5   BANK6   BANK7   BANK8   BANK9  BANK10  BANK11  BANK12  BANK13  BANK14
      Params:         0       0       0       0       0       0       0       0       0       0       0       0       0       0       0       0
      Locals:         1       0       0       0       0       0       0       0       0       0       0       0       0       0       0       0
      Temps:          0       0       0       0       0       0       0       0       0       0       0       0       0       0       0       0
      Totals:         1       0       0       0       0       0       0       0       0       0       0       0       0       0       0       0
Total ram usage:        1 bytes
 Hardware stack levels used:    1
 This function calls:
		Nothing
 This function is called by:
		_lcd_send_byte
 This function uses a non-reentrant model


 *************** function _Read_RTC *****************
 Defined at:
		line 111 in file "Unimic/unmc_01/headers\unmc_rtcc_01.h"
 Parameters:    Size  Location     Type
		None
 Auto vars:     Size  Location     Type
		None
 Return value:  Size  Location     Type
		None               void
 Registers used:
		wreg, fsr2l, fsr2h, status,2, status,0, prodl, prodh, cstack
 Tracked objects:
		On entry : 
		On exit  : 
		Unchanged: 
 Data sizes:     COMRAM   BANK0   BANK1   BANK2   BANK3   BANK4   BANK5   BANK6   BANK7   BANK8   BANK9  BANK10  BANK11  BANK12  BANK13  BANK14
      Params:         0       0       0       0       0       0       0       0       0       0       0       0       0       0       0       0
      Locals:         0       0       0       0       0       0       0       0       0       0       0       0       0       0       0       0
      Temps:          0       0       0       0       0       0       0       0       0       0       0       0       0       0       0       0
      Totals:         0       0       0       0       0       0       0       0       0       0       0       0       0       0       0       0
Total ram usage:        0 bytes
 Hardware stack levels used:    1
 Hardware stack levels required when called:    1
 This function calls:
		_RtccReadDate
		_RtccReadTime
 This function is called by:
		_main
 This function uses a non-reentrant model


 *************** function _RtccReadTime *****************
 Defined at:
		line 23 in file "C:\Program Files (x86)\Microchip\xc8\v1.34\sources\pic18\plib\rtcc\RtccReadTime.c"
 Parameters:    Size  Location     Type
  pTm             2    0[COMRAM] PTR struct .
		 -> RtccTime(4), 
 Auto vars:     Size  Location     Type
  rTD0            8   10[COMRAM] struct .
  rTD1            8    2[COMRAM] struct .
 Return value:  Size  Location     Type
		None               void
 Registers used:
		wreg, fsr2l, fsr2h, status,2, status,0
 Tracked objects:
		On entry : 
		On exit  : 
		Unchanged: 
 Data sizes:     COMRAM   BANK0   BANK1   BANK2   BANK3   BANK4   BANK5   BANK6   BANK7   BANK8   BANK9  BANK10  BANK11  BANK12  BANK13  BANK14
      Params:         2       0       0       0       0       0       0       0       0       0       0       0       0       0       0       0
      Locals:        16       0       0       0       0       0       0       0       0       0       0       0       0       0       0       0
      Temps:          0       0       0       0       0       0       0       0       0       0       0       0       0       0       0       0
      Totals:        18       0       0       0       0       0       0       0       0       0       0       0       0       0       0       0
Total ram usage:       18 bytes
 Hardware stack levels used:    1
 This function calls:
		Nothing
 This function is called by:
		_Read_RTC
 This function uses a non-reentrant model


 *************** function _RtccReadDate *****************
 Defined at:
		line 23 in file "C:\Program Files (x86)\Microchip\xc8\v1.34\sources\pic18\plib\rtcc\RtccReadDate.c"
 Parameters:    Size  Location     Type
  pDt             2    0[COMRAM] PTR struct .
		 -> RtccDate(4), 
 Auto vars:     Size  Location     Type
  rTD0            8   10[COMRAM] struct .
  rTD1            8    2[COMRAM] struct .
 Return value:  Size  Location     Type
		None               void
 Registers used:
		wreg, fsr2l, fsr2h, status,2, status,0
 Tracked objects:
		On entry : 
		On exit  : 
		Unchanged: 
 Data sizes:     COMRAM   BANK0   BANK1   BANK2   BANK3   BANK4   BANK5   BANK6   BANK7   BANK8   BANK9  BANK10  BANK11  BANK12  BANK13  BANK14
      Params:         2       0       0       0       0       0       0       0       0       0       0       0       0       0       0       0
      Locals:        16       0       0       0       0       0       0       0       0       0       0       0       0       0       0       0
      Temps:          0       0       0       0       0       0       0       0       0       0       0       0       0       0       0       0
      Totals:        18       0       0       0       0       0       0       0       0       0       0       0       0       0       0       0
Total ram usage:       18 bytes
 Hardware stack levels used:    1
 This function calls:
		Nothing
 This function is called by:
		_Read_RTC
 This function uses a non-reentrant model



MODULE INFORMATION

Module		Function		Class		Link	Load	Size
C:\Program Files (x86)\Microchip\xc8\v1.34\sources\pic18\plib\rtcc\RtccReadDate.c
		_RtccReadDate  		CODE           	1B0A	0000	143

C:\Program Files (x86)\Microchip\xc8\v1.34\sources\pic18\plib\rtcc\RtccReadDate.c estimated size: 143

C:\Program Files (x86)\Microchip\xc8\v1.34\sources\pic18\d1ktcyx.c
		_Delay1KTCYx   		CODE           	232E	0000	19

C:\Program Files (x86)\Microchip\xc8\v1.34\sources\pic18\d1ktcyx.c estimated size: 19

C:\Program Files (x86)\Microchip\xc8\v1.34\sources\pic18\plib\rtcc\RtccWriteTime.c
		_RtccWriteTime 		CODE           	1744	0000	269

C:\Program Files (x86)\Microchip\xc8\v1.34\sources\pic18\plib\rtcc\RtccWriteTime.c estimated size: 269

C:\Program Files (x86)\Microchip\xc8\v1.34\sources\common\lwmod.c
		___lwmod       		CODE           	206C	0000	77

C:\Program Files (x86)\Microchip\xc8\v1.34\sources\common\lwmod.c estimated size: 77

C:\Program Files (x86)\Microchip\xc8\v1.34\sources\pic18\plib\rtcc\RtccWrOn.c
		_RtccWrOn      		CODE           	231C	0000	19

C:\Program Files (x86)\Microchip\xc8\v1.34\sources\pic18\plib\rtcc\RtccWrOn.c estimated size: 19

C:\Program Files (x86)\Microchip\xc8\v1.34\sources\pic18\plib\rtcc\RtccReadTime.c
		_RtccReadTime  		CODE           	1D0C	0000	111

C:\Program Files (x86)\Microchip\xc8\v1.34\sources\pic18\plib\rtcc\RtccReadTime.c estimated size: 111

Unimic/unmc_01/sources/unmc_lcd_216.c
		_lcd_comand    		CODE           	237E	0000	15
		_lcd_putc      		CODE           	20B8	0000	77
		_lcd_putrs     		CODE           	1FC6	0000	85
		_lcd_send_byte 		CODE           	21FE	0000	51
		_lcd_gotoxy    		CODE           	22A6	0000	37
		_lcd_send_nibbl		CODE           	1C96	0000	119
		_lcd_init      		CODE           	1B98	0000	129

Unimic/unmc_01/sources/unmc_lcd_216.c estimated size: 513

C:\Program Files (x86)\Microchip\xc8\v1.34\sources\common\isdigit.c
		_isdigit       		CODE           	22CA	0000	35

C:\Program Files (x86)\Microchip\xc8\v1.34\sources\common\isdigit.c estimated size: 35

shared
		_dpowers       		SMALLCONST     	0F01	0000	11
		_LCD_INIT_STRIN		SMALLCONST     	0F0B	0000	5
		__initializatio		CODE           	2104	0000	59

shared estimated size: 75

C:\Program Files (x86)\Microchip\xc8\v1.34\sources\common\lwdiv.c
		___lwdiv       		CODE           	1F6A	0000	93

C:\Program Files (x86)\Microchip\xc8\v1.34\sources\common\lwdiv.c estimated size: 93

C:\Program Files (x86)\Microchip\xc8\v1.34\sources\common\awdiv.c
		___awdiv       		CODE           	19E2	0000	151

C:\Program Files (x86)\Microchip\xc8\v1.34\sources\common\awdiv.c estimated size: 151

C:\Program Files (x86)\Microchip\xc8\v1.34\sources\pic18\d100tcyx.c
		_Delay100TCYx  		CODE           	2340	0000	19

C:\Program Files (x86)\Microchip\xc8\v1.34\sources\pic18\d100tcyx.c estimated size: 19

Unimic/unmc_01/headers\unmc_rtcc_01.h
		_Read_RTC      		CODE           	1850	0000	235
		_Write_RTC     		CODE           	14AA	0000	341

Unimic/unmc_01/headers\unmc_rtcc_01.h estimated size: 576

C:\Program Files (x86)\Microchip\xc8\v1.34\sources\common\doprnt.c
		_sprintf       		CODE           	0F98	0000	613

C:\Program Files (x86)\Microchip\xc8\v1.34\sources\common\doprnt.c estimated size: 613

C:\Program Files (x86)\Microchip\xc8\v1.34\sources\pic18\plib\rtcc\RtccWriteDate.c
		_RtccWriteDate 		CODE           	15FE	0000	327

C:\Program Files (x86)\Microchip\xc8\v1.34\sources\pic18\plib\rtcc\RtccWriteDate.c estimated size: 327

main.c
		_button_number 		CODE           	2148	0000	65
		_activity_subme		CODE           	1DE2	0000	99
		_keyboard_contr		CODE           	1354	0000	343
		_home_clock_ref		CODE           	1A78	0000	147
		_main          		CODE           	2282	0000	37
		_activity_subme		CODE           	1F08	0000	99
		_button_asteris		CODE           	2370	0000	15
		_action_submenu		CODE           	193A	0000	169
		_activity_pin  		CODE           	21C4	0000	59
		_activity_home 		CODE           	2230	0000	43
		_activity_menu 		CODE           	1C18	0000	127
		_lcd_write     		CODE           	2304	0000	25
		_setup         		CODE           	1D7A	0000	105
		_action_menu_se		CODE           	11FC	0000	345
		_activity_subme		CODE           	1E44	0000	99
		_activity_subme		CODE           	1EA6	0000	99
		_button_A      		CODE           	2188	0000	61
		_button_B      		CODE           	201A	0000	83
		_button_C      		CODE           	22EC	0000	25
		_button_D      		CODE           	2396	0000	7
		_button_hash   		CODE           	2352	0000	17
		_pin_input_vali		CODE           	2362	0000	15

main.c estimated size: 2084

C:\Program Files (x86)\Microchip\xc8\v1.34\sources\common\Umul16.c
		___wmul        		CODE           	225A	0000	41

C:\Program Files (x86)\Microchip\xc8\v1.34\sources\common\Umul16.c estimated size: 41

